Archive member included to satisfy reference by file (symbol)

d:/rt-threadstudio/repo/extract/toolchain_support_packages/arm/gnu_tools_for_arm_embedded_processors/5.4.1/bin/../lib/gcc/arm-none-eabi/5.4.1/../../../../arm-none-eabi/lib/armv7e-m/fpu\libc.a(lib_a-atoi.o)
                              CMakeFiles/rtthread.elf.dir/rt-thread/components/drivers/misc/pin.c.obj (atoi)
d:/rt-threadstudio/repo/extract/toolchain_support_packages/arm/gnu_tools_for_arm_embedded_processors/5.4.1/bin/../lib/gcc/arm-none-eabi/5.4.1/../../../../arm-none-eabi/lib/armv7e-m/fpu\libc.a(lib_a-exit.o)
                              d:/rt-threadstudio/repo/extract/toolchain_support_packages/arm/gnu_tools_for_arm_embedded_processors/5.4.1/bin/../lib/gcc/arm-none-eabi/5.4.1/../../../../arm-none-eabi/lib/armv7e-m/fpu/crt0.o (exit)
d:/rt-threadstudio/repo/extract/toolchain_support_packages/arm/gnu_tools_for_arm_embedded_processors/5.4.1/bin/../lib/gcc/arm-none-eabi/5.4.1/../../../../arm-none-eabi/lib/armv7e-m/fpu\libc.a(lib_a-impure.o)
                              d:/rt-threadstudio/repo/extract/toolchain_support_packages/arm/gnu_tools_for_arm_embedded_processors/5.4.1/bin/../lib/gcc/arm-none-eabi/5.4.1/../../../../arm-none-eabi/lib/armv7e-m/fpu\libc.a(lib_a-exit.o) (_global_impure_ptr)
d:/rt-threadstudio/repo/extract/toolchain_support_packages/arm/gnu_tools_for_arm_embedded_processors/5.4.1/bin/../lib/gcc/arm-none-eabi/5.4.1/../../../../arm-none-eabi/lib/armv7e-m/fpu\libc.a(lib_a-locale.o)
                              CMakeFiles/rtthread.elf.dir/rt-thread/components/libc/compilers/common/cstring.c.obj (__locale_ctype_ptr)
d:/rt-threadstudio/repo/extract/toolchain_support_packages/arm/gnu_tools_for_arm_embedded_processors/5.4.1/bin/../lib/gcc/arm-none-eabi/5.4.1/../../../../arm-none-eabi/lib/armv7e-m/fpu\libc.a(lib_a-malloc.o)
                              CMakeFiles/rtthread.elf.dir/rt-thread/components/libc/compilers/common/cstring.c.obj (malloc)
d:/rt-threadstudio/repo/extract/toolchain_support_packages/arm/gnu_tools_for_arm_embedded_processors/5.4.1/bin/../lib/gcc/arm-none-eabi/5.4.1/../../../../arm-none-eabi/lib/armv7e-m/fpu\libc.a(lib_a-mbtowc_r.o)
                              d:/rt-threadstudio/repo/extract/toolchain_support_packages/arm/gnu_tools_for_arm_embedded_processors/5.4.1/bin/../lib/gcc/arm-none-eabi/5.4.1/../../../../arm-none-eabi/lib/armv7e-m/fpu\libc.a(lib_a-locale.o) (__ascii_mbtowc)
d:/rt-threadstudio/repo/extract/toolchain_support_packages/arm/gnu_tools_for_arm_embedded_processors/5.4.1/bin/../lib/gcc/arm-none-eabi/5.4.1/../../../../arm-none-eabi/lib/armv7e-m/fpu\libc.a(lib_a-memcmp.o)
                              CMakeFiles/rtthread.elf.dir/rt-thread/components/finsh/shell.c.obj (memcmp)
d:/rt-threadstudio/repo/extract/toolchain_support_packages/arm/gnu_tools_for_arm_embedded_processors/5.4.1/bin/../lib/gcc/arm-none-eabi/5.4.1/../../../../arm-none-eabi/lib/armv7e-m/fpu\libc.a(lib_a-memcpy.o)
                              CMakeFiles/rtthread.elf.dir/rt-thread/components/libc/compilers/common/cstring.c.obj (memcpy)
d:/rt-threadstudio/repo/extract/toolchain_support_packages/arm/gnu_tools_for_arm_embedded_processors/5.4.1/bin/../lib/gcc/arm-none-eabi/5.4.1/../../../../arm-none-eabi/lib/armv7e-m/fpu\libc.a(lib_a-memset.o)
                              d:/rt-threadstudio/repo/extract/toolchain_support_packages/arm/gnu_tools_for_arm_embedded_processors/5.4.1/bin/../lib/gcc/arm-none-eabi/5.4.1/../../../../arm-none-eabi/lib/armv7e-m/fpu/crt0.o (memset)
d:/rt-threadstudio/repo/extract/toolchain_support_packages/arm/gnu_tools_for_arm_embedded_processors/5.4.1/bin/../lib/gcc/arm-none-eabi/5.4.1/../../../../arm-none-eabi/lib/armv7e-m/fpu\libc.a(lib_a-strchr.o)
                              CMakeFiles/rtthread.elf.dir/rt-thread/components/libc/compilers/common/cstring.c.obj (strchr)
d:/rt-threadstudio/repo/extract/toolchain_support_packages/arm/gnu_tools_for_arm_embedded_processors/5.4.1/bin/../lib/gcc/arm-none-eabi/5.4.1/../../../../arm-none-eabi/lib/armv7e-m/fpu\libc.a(lib_a-strcmp.o)
                              CMakeFiles/rtthread.elf.dir/rt-thread/components/drivers/misc/pin.c.obj (strcmp)
d:/rt-threadstudio/repo/extract/toolchain_support_packages/arm/gnu_tools_for_arm_embedded_processors/5.4.1/bin/../lib/gcc/arm-none-eabi/5.4.1/../../../../arm-none-eabi/lib/armv7e-m/fpu\libc.a(lib_a-strcpy.o)
                              CMakeFiles/rtthread.elf.dir/rt-thread/components/finsh/shell.c.obj (strcpy)
d:/rt-threadstudio/repo/extract/toolchain_support_packages/arm/gnu_tools_for_arm_embedded_processors/5.4.1/bin/../lib/gcc/arm-none-eabi/5.4.1/../../../../arm-none-eabi/lib/armv7e-m/fpu\libc.a(lib_a-strlen.o)
                              CMakeFiles/rtthread.elf.dir/rt-thread/components/libc/compilers/common/cstdlib.c.obj (strlen)
[...]
Memory Configuration

Name             Origin             Length             Attributes
ROM              0x08000000         0x003f0000         xr
RAM              0x20000000         0x00060000         rw
*default*        0x00000000         0xffffffff

Linker script and memory map

LOAD d:/rt-threadstudio/repo/extract/toolchain_support_packages/arm/gnu_tools_for_arm_embedded_processors/5.4.1/bin/../lib/gcc/arm-none-eabi/5.4.1/armv7e-m/fpu/crti.o
LOAD d:/rt-threadstudio/repo/extract/toolchain_support_packages/arm/gnu_tools_for_arm_embedded_processors/5.4.1/bin/../lib/gcc/arm-none-eabi/5.4.1/armv7e-m/fpu/crtbegin.o
LOAD d:/rt-threadstudio/repo/extract/toolchain_support_packages/arm/gnu_tools_for_arm_embedded_processors/5.4.1/bin/../lib/gcc/arm-none-eabi/5.4.1/../../../../arm-none-eabi/lib/armv7e-m/fpu/crt0.o
LOAD CMakeFiles/rtthread.elf.dir/rt-thread/components/libc/compilers/common/cctype.c.obj
LOAD CMakeFiles/rtthread.elf.dir/rt-thread/components/libc/compilers/common/cstdio.c.obj
LOAD CMakeFiles/rtthread.elf.dir/rt-thread/components/libc/compilers/common/cstdlib.c.obj
LOAD CMakeFiles/rtthread.elf.dir/rt-thread/components/libc/compilers/common/cstring.c.obj
LOAD CMakeFiles/rtthread.elf.dir/rt-thread/components/libc/compilers/common/ctime.c.obj
LOAD CMakeFiles/rtthread.elf.dir/rt-thread/components/libc/compilers/common/cwchar.c.obj
LOAD CMakeFiles/rtthread.elf.dir/rt-thread/components/libc/compilers/newlib/syscalls.c.obj
LOAD CMakeFiles/rtthread.elf.dir/rt-thread/libcpu/arm/common/backtrace.c.obj
LOAD CMakeFiles/rtthread.elf.dir/rt-thread/libcpu/arm/common/div0.c.obj
LOAD CMakeFiles/rtthread.elf.dir/rt-thread/libcpu/arm/common/showmem.c.obj
LOAD CMakeFiles/rtthread.elf.dir/rt-thread/libcpu/arm/cortex-m4/context_gcc.S.obj
LOAD CMakeFiles/rtthread.elf.dir/rt-thread/libcpu/arm/cortex-m4/cpuport.c.obj
LOAD CMakeFiles/rtthread.elf.dir/rt-thread/components/drivers/ipc/completion.c.obj
LOAD CMakeFiles/rtthread.elf.dir/rt-thread/components/drivers/ipc/dataqueue.c.obj
LOAD CMakeFiles/rtthread.elf.dir/rt-thread/components/drivers/ipc/pipe.c.obj
LOAD CMakeFiles/rtthread.elf.dir/rt-thread/components/drivers/ipc/ringblk_buf.c.obj
LOAD CMakeFiles/rtthread.elf.dir/rt-thread/components/drivers/ipc/ringbuffer.c.obj
LOAD CMakeFiles/rtthread.elf.dir/rt-thread/components/drivers/ipc/waitqueue.c.obj
LOAD CMakeFiles/rtthread.elf.dir/rt-thread/components/drivers/ipc/workqueue.c.obj
LOAD CMakeFiles/rtthread.elf.dir/rt-thread/components/drivers/misc/pin.c.obj
LOAD CMakeFiles/rtthread.elf.dir/rt-thread/components/drivers/serial/serial.c.obj
LOAD CMakeFiles/rtthread.elf.dir/rt-thread/components/finsh/shell.c.obj
LOAD CMakeFiles/rtthread.elf.dir/rt-thread/components/finsh/msh.c.obj
LOAD CMakeFiles/rtthread.elf.dir/rt-thread/components/finsh/msh_parse.c.obj
LOAD CMakeFiles/rtthread.elf.dir/rt-thread/components/finsh/cmd.c.obj
LOAD CMakeFiles/rtthread.elf.dir/rt-thread/src/clock.c.obj
LOAD CMakeFiles/rtthread.elf.dir/rt-thread/src/components.c.obj
LOAD CMakeFiles/rtthread.elf.dir/rt-thread/src/device.c.obj
LOAD CMakeFiles/rtthread.elf.dir/rt-thread/src/idle.c.obj
LOAD CMakeFiles/rtthread.elf.dir/rt-thread/src/ipc.c.obj
LOAD CMakeFiles/rtthread.elf.dir/rt-thread/src/irq.c.obj
LOAD CMakeFiles/rtthread.elf.dir/rt-thread/src/kservice.c.obj
LOAD CMakeFiles/rtthread.elf.dir/rt-thread/src/mem.c.obj
LOAD CMakeFiles/rtthread.elf.dir/rt-thread/src/mempool.c.obj
LOAD CMakeFiles/rtthread.elf.dir/rt-thread/src/object.c.obj
LOAD CMakeFiles/rtthread.elf.dir/rt-thread/src/scheduler.c.obj
LOAD CMakeFiles/rtthread.elf.dir/rt-thread/src/thread.c.obj
LOAD CMakeFiles/rtthread.elf.dir/rt-thread/src/timer.c.obj
LOAD CMakeFiles/rtthread.elf.dir/applications/main.c.obj
LOAD CMakeFiles/rtthread.elf.dir/drivers/board.c.obj
LOAD CMakeFiles/rtthread.elf.dir/drivers/f435_437/drv_clk.c.obj
LOAD CMakeFiles/rtthread.elf.dir/drivers/f435_437/at32_msp.c.obj
LOAD CMakeFiles/rtthread.elf.dir/libraries/f435_437/cmsis/cm4/device_support/startup/gcc/startup_at32f435_437.s.obj
LOAD CMakeFiles/rtthread.elf.dir/libraries/f435_437/drivers/src/at32f435_437_crm.c.obj
LOAD CMakeFiles/rtthread.elf.dir/libraries/f435_437/drivers/src/at32f435_437_gpio.c.obj
LOAD CMakeFiles/rtthread.elf.dir/libraries/f435_437/drivers/src/at32f435_437_misc.c.obj
LOAD CMakeFiles/rtthread.elf.dir/libraries/f435_437/drivers/src/at32f435_437_exint.c.obj
LOAD CMakeFiles/rtthread.elf.dir/libraries/f435_437/drivers/src/at32f435_437_scfg.c.obj
LOAD CMakeFiles/rtthread.elf.dir/libraries/f435_437/drivers/src/at32f435_437_usart.c.obj
LOAD CMakeFiles/rtthread.elf.dir/libraries/f435_437/cmsis/cm4/device_support/system_at32f435_437.c.obj
LOAD CMakeFiles/rtthread.elf.dir/drivers/common/drv_common.c.obj
LOAD CMakeFiles/rtthread.elf.dir/drivers/common/drv_gpio.c.obj
LOAD CMakeFiles/rtthread.elf.dir/drivers/common/drv_usart.c.obj
LOAD d:/rt-threadstudio/repo/extract/toolchain_support_packages/arm/gnu_tools_for_arm_embedded_processors/5.4.1/bin/../lib/gcc/arm-none-eabi/5.4.1/../../../../arm-none-eabi/lib/armv7e-m/fpu\libc.a
LOAD d:/rt-threadstudio/repo/extract/toolchain_support_packages/arm/gnu_tools_for_arm_embedded_processors/5.4.1/bin/../lib/gcc/arm-none-eabi/5.4.1/../../../../arm-none-eabi/lib/armv7e-m/fpu\libm.a
START GROUP
LOAD d:/rt-threadstudio/repo/extract/toolchain_support_packages/arm/gnu_tools_for_arm_embedded_processors/5.4.1/bin/../lib/gcc/arm-none-eabi/5.4.1/armv7e-m/fpu\libgcc.a
LOAD d:/rt-threadstudio/repo/extract/toolchain_support_packages/arm/gnu_tools_for_arm_embedded_processors/5.4.1/bin/../lib/gcc/arm-none-eabi/5.4.1/../../../../arm-none-eabi/lib/armv7e-m/fpu\libg.a
LOAD d:/rt-threadstudio/repo/extract/toolchain_support_packages/arm/gnu_tools_for_arm_embedded_processors/5.4.1/bin/../lib/gcc/arm-none-eabi/5.4.1/../../../../arm-none-eabi/lib/armv7e-m/fpu\libc.a
END GROUP
LOAD d:/rt-threadstudio/repo/extract/toolchain_support_packages/arm/gnu_tools_for_arm_embedded_processors/5.4.1/bin/../lib/gcc/arm-none-eabi/5.4.1/armv7e-m/fpu/crtend.o
LOAD d:/rt-threadstudio/repo/extract/toolchain_support_packages/arm/gnu_tools_for_arm_embedded_processors/5.4.1/bin/../lib/gcc/arm-none-eabi/5.4.1/armv7e-m/fpu/crtn.o
                0x00000400                _system_stack_size = 0x400

.text           0x08000000     0xde24
                0x08000000                . = ALIGN (0x4)
                0x08000000                _stext = .
 *(.isr_vector)
 .isr_vector    0x08000000      0x20c CMakeFiles/rtthread.elf.dir/libraries/f435_437/cmsis/cm4/device_support/startup/gcc/startup_at32f435_437.s.obj
                0x08000000                g_pfnVectors
                0x0800020c                . = ALIGN (0x4)
 *(.text)
 .text          0x0800020c       0x5c d:/rt-threadstudio/repo/extract/toolchain_support_packages/arm/gnu_tools_for_arm_embedded_processors/5.4.1/bin/../lib/gcc/arm-none-eabi/5.4.1/armv7e-m/fpu/crtbegin.o
 .text          0x08000268      0x14c CMakeFiles/rtthread.elf.dir/rt-thread/components/libc/compilers/common/cstdlib.c.obj
                0x08000268                __rt_libc_exit
                0x080002a8                system
                0x080002c4                ltoa
                0x08000348                itoa
                0x0800034c                ultoa
                0x080003b0                utoa
 .text          0x080003b4      0x2ec CMakeFiles/rtthread.elf.dir/rt-thread/components/libc/compilers/newlib/syscalls.c.obj
                0x080003b4                _malloc_r
                0x080003c8                _realloc_r
                0x080003e0                _calloc_r
                0x080003f8                _free_r
                0x08000400                __libc_init_array
                0x08000404                __errno
                0x08000408                _getpid_r
                0x0800040c                _close_r
                0x08000444                _execve_r
                0x08000450                _fcntl_r
                0x0800045c                _fork_r
                0x08000468                _fstat_r
                0x08000474                _isatty_r
                0x08000480                _kill_r
                0x0800048c                _link_r
                0x08000498                _wait_r
                0x080004a4                umask
                0x080004a8                flock
                0x080004ac                _lseek_r
                0x080004e4                _mkdir_r
                0x0800051c                _open_r
                0x08000554                _read_r
                0x0800058c                _rename_r
                0x080005c4                _stat_r
                0x080005fc                _unlink_r
                0x08000634                _write_r
                0x08000698                _exit
 .text          0x080006a0      0x104 CMakeFiles/rtthread.elf.dir/rt-thread/libcpu/arm/cortex-m4/context_gcc.S.obj
                0x080006a0                rt_hw_interrupt_disable
                0x080006a8                rt_hw_interrupt_enable
                0x080006ae                rt_hw_context_switch_interrupt
                0x080006ae                rt_hw_context_switch
                0x080006ce                PendSV_Handler
                0x0800070a                rt_hw_context_switch_to
                0x0800074c                rt_hw_interrupt_thread_switch
                0x08000750                HardFault_Handler
 .text          0x080007a4      0x3ac CMakeFiles/rtthread.elf.dir/rt-thread/libcpu/arm/cortex-m4/cpuport.c.obj
                0x080007a4                rt_hw_stack_init
                0x080007f0                rt_hw_exception_install
                0x080007fc                rt_hw_hard_fault_exception
                0x08000b08                rt_hw_cpu_shutdown
                0x08000b2c                rt_hw_cpu_reset
                0x08000b3c                __rt_ffs
 .text          0x08000b50      0x1c8 CMakeFiles/rtthread.elf.dir/rt-thread/components/drivers/ipc/completion.c.obj
                0x08000b50                rt_completion_init
                0x08000b84                rt_completion_wait
                0x08000cc4                rt_completion_done
 .text          0x08000d18      0x530 CMakeFiles/rtthread.elf.dir/rt-thread/components/drivers/misc/pin.c.obj
                0x08000e28                rt_device_pin_register
                0x08000e6c                rt_pin_attach_irq
                0x08000eb8                rt_pin_detach_irq
                0x08000ef0                rt_pin_irq_enable
                0x08000f2c                rt_pin_mode
                0x08000f60                rt_pin_write
                0x08000f94                rt_pin_read
                0x08000fc4                rt_pin_get
 .text          0x08001248      0x5c4 CMakeFiles/rtthread.elf.dir/rt-thread/components/drivers/serial/serial.c.obj
                0x080016b0                rt_hw_serial_register
                0x08001720                rt_hw_serial_isr
 .text          0x0800180c      0x894 CMakeFiles/rtthread.elf.dir/rt-thread/components/finsh/shell.c.obj
                0x0800183c                finsh_system_init
                0x08001974                finsh_set_prompt
                0x080019a8                finsh_get_prompt
                0x080019d8                finsh_get_prompt_mode
                0x08001a0c                finsh_set_prompt_mode
                0x08001a4c                finsh_getchar
                0x08001abc                finsh_set_device
                0x08001b58                finsh_thread_entry
                0x08001ff0                finsh_get_device
                0x0800201c                finsh_set_echo
                0x0800205c                finsh_get_echo
                0x08002094                finsh_system_function_init
 .text          0x080020a0      0x310 CMakeFiles/rtthread.elf.dir/rt-thread/components/finsh/msh.c.obj
                0x080020a0                msh_help
                0x080020ec                cmd_ps
                0x080020f8                cmd_free
                0x0800214c                msh_exec
                0x080022fc                msh_auto_complete
 .text          0x080023b0       0xd4 CMakeFiles/rtthread.elf.dir/rt-thread/components/finsh/msh_parse.c.obj
                0x080023b0                msh_isint
                0x080023ec                msh_ishex
                0x0800243c                msh_strtohex
 .text          0x08002484      0xb28 CMakeFiles/rtthread.elf.dir/rt-thread/components/finsh/cmd.c.obj
                0x080024c8                version
                0x0800253c                list_thread
                0x080026a0                list_sem
                0x080027ac                list_event
                0x080028a4                list_mutex
                0x08002984                list_mailbox
                0x08002a98                list_msgqueue
                0x08002ba4                list_mempool
                0x08002cac                list_device
                0x08002d84                list_timer
                0x08002e78                cmd_list
 .text          0x08002fac       0xd4 CMakeFiles/rtthread.elf.dir/rt-thread/src/clock.c.obj
                0x08002fac                rt_tick_sethook
                0x08002fb8                rt_tick_get
                0x08002fc4                rt_tick_set
                0x08002fdc                rt_tick_increase
                0x08003034                rt_tick_from_millisecond
                0x08003074                rt_tick_get_millisecond
 .text          0x08003080       0xfc CMakeFiles/rtthread.elf.dir/rt-thread/src/components.c.obj
                0x08003084                main_thread_entry
                0x080030b4                rt_components_board_init
                0x080030d4                rt_components_init
                0x080030f4                rt_application_init
                0x08003144                rtthread_startup
                0x08003170                entry
 .text          0x0800317c      0x438 CMakeFiles/rtthread.elf.dir/rt-thread/src/device.c.obj
                0x0800317c                rt_device_register
                0x080031b4                rt_device_unregister
                0x08003208                rt_device_find
                0x08003210                rt_device_create
                0x08003234                rt_device_destroy
                0x0800328c                rt_device_init
                0x080032e0                rt_device_open
                0x08003398                rt_device_close
                0x080033fc                rt_device_read
                0x08003470                rt_device_write
                0x080034e4                rt_device_control
                0x08003534                rt_device_set_rx_indicate
                0x08003574                rt_device_set_tx_complete
 .text          0x080035b4      0x160 CMakeFiles/rtthread.elf.dir/rt-thread/src/idle.c.obj
                0x080035b4                rt_thread_idle_sethook
                0x080035ec                rt_thread_idle_delhook
                0x08003628                rt_thread_defunct_enqueue
                0x08003640                rt_thread_defunct_dequeue
                0x080036c4                rt_thread_idle_init
                0x0800370c                rt_thread_idle_gethandler
 .text          0x08003714     0x2324 CMakeFiles/rtthread.elf.dir/rt-thread/src/ipc.c.obj
                0x08003714                rt_sem_init
                0x0800377c                rt_sem_detach
                0x08003800                rt_sem_create
                0x08003880                rt_sem_delete
                0x08003934                rt_sem_take
                0x08003af8                rt_sem_trytake
                0x08003b00                rt_sem_release
                0x08003b8c                rt_sem_control
                0x08003c1c                rt_mutex_init
                0x08003c60                rt_mutex_detach
                0x08003ce4                rt_mutex_create
                0x08003d40                rt_mutex_delete
                0x08003df4                rt_mutex_take
                0x0800401c                rt_mutex_trytake
                0x08004024                rt_mutex_release
                0x0800416c                rt_mutex_control
                0x080041a8                rt_event_init
                0x080041f8                rt_event_detach
                0x0800427c                rt_event_create
                0x080042e4                rt_event_delete
                0x08004398                rt_event_send
                0x08004480                rt_event_recv
                0x080046a4                rt_event_control
                0x08004730                rt_mb_init
                0x08004798                rt_mb_detach
                0x0800484c                rt_mb_create
                0x080048e4                rt_mb_delete
                0x080049d0                rt_mb_send_wait
                0x08004c0c                rt_mb_send
                0x08004c14                rt_mb_urgent
                0x08004cb8                rt_mb_recv
                0x08004f10                rt_mb_control
                0x08004fd0                rt_mq_init
                0x08005070                rt_mq_detach
                0x08005124                rt_mq_create
                0x080051fc                rt_mq_delete
                0x080052e8                rt_mq_send_wait
                0x080055a4                rt_mq_send
                0x080055ac                rt_mq_urgent
                0x080056b0                rt_mq_recv
                0x0800595c                rt_mq_control
 .text          0x08005a38       0x80 CMakeFiles/rtthread.elf.dir/rt-thread/src/irq.c.obj
                0x08005a38                rt_interrupt_enter_sethook
                0x08005a44                rt_interrupt_leave_sethook
                0x08005a50                rt_interrupt_enter
                0x08005a78                rt_interrupt_leave
                0x08005aa0                rt_interrupt_get_nest
 .text          0x08005ab8      0xd0c CMakeFiles/rtthread.elf.dir/rt-thread/src/kservice.c.obj
                0x08005c6c                rt_strerror
                0x08005c8c                rt_get_errno
                0x08005cac                rt_set_errno
                0x08005ccc                _rt_errno
                0x08005ce8                rt_memset
                0x08005d70                rt_memcpy
                0x08005e18                rt_memmove
                0x08005e54                rt_memcmp
                0x08005e88                rt_strnlen
                0x08005eb0                rt_vsnprintf
                0x08006384                rt_snprintf
                0x080063a0                rt_vsprintf
                0x080063b0                rt_sprintf
                0x080063d0                rt_console_get_device
                0x080063dc                rt_console_set_device
                0x08006410                rt_hw_console_output
                0x08006414                rt_kputs
                0x08006440                rt_kprintf
                0x080064a0                rt_show_version
                0x080064e8                rt_malloc_sethook
                0x080064f4                rt_free_sethook
                0x08006500                rt_assert_set_hook
                0x0800650c                rt_assert_handler
                0x08006544                rt_system_heap_init
                0x08006594                rt_free
                0x080065fc                rt_free_align
                0x0800660c                rt_realloc
                0x08006678                rt_malloc
                0x080066e8                rt_strdup
                0x08006708                rt_calloc
                0x08006724                rt_malloc_align
                0x08006750                rt_memory_info
 .text          0x080067c4      0x558 CMakeFiles/rtthread.elf.dir/rt-thread/src/mem.c.obj
                0x08006850                rt_smem_init
                0x080068cc                rt_smem_detach
                0x08006920                rt_smem_alloc
                0x08006abc                rt_smem_free
                0x08006bb4                rt_smem_realloc
 .text          0x08006d1c      0x424 CMakeFiles/rtthread.elf.dir/rt-thread/src/object.c.obj
                0x08006d1c                rt_object_attach_sethook
                0x08006d28                rt_object_detach_sethook
                0x08006d34                rt_object_trytake_sethook
                0x08006d40                rt_object_take_sethook
                0x08006d4c                rt_object_put_sethook
                0x08006d58                rt_object_get_information
                0x08006d80                rt_object_get_length
                0x08006dc4                rt_object_get_pointers
                0x08006e2c                rt_object_init
                0x08006ee0                rt_object_detach
                0x08006f2c                rt_object_allocate
                0x08006ff4                rt_object_delete
                0x08007060                rt_object_is_systemobject
                0x08007084                rt_object_get_type
                0x080070b0                rt_object_find
 .text          0x08007140      0x330 CMakeFiles/rtthread.elf.dir/rt-thread/src/scheduler.c.obj
                0x08007140                rt_scheduler_sethook
                0x0800714c                rt_scheduler_switch_sethook
                0x08007158                rt_system_scheduler_init
                0x08007184                rt_schedule_insert_thread
                0x08007228                rt_schedule_remove_thread
                0x08007290                rt_system_scheduler_start
                0x080072d0                rt_schedule
                0x08007410                rt_enter_critical
                0x0800742c                rt_exit_critical
                0x08007464                rt_critical_level
 .text          0x08007470      0x74c CMakeFiles/rtthread.elf.dir/rt-thread/src/thread.c.obj
                0x080075c4                rt_thread_suspend_sethook
                0x080075d0                rt_thread_resume_sethook
                0x080075dc                rt_thread_inited_sethook
                0x080075e8                rt_thread_init
                0x08007658                rt_thread_self
                0x08007664                rt_thread_detach
                0x080076f0                rt_thread_create
                0x08007740                rt_thread_delete
                0x080077cc                rt_thread_yield
                0x080077fc                rt_thread_suspend
                0x080078a0                rt_thread_sleep
                0x0800791c                rt_thread_delay
                0x08007920                rt_thread_mdelay
                0x08007930                rt_thread_delay_until
                0x080079fc                rt_thread_resume
                0x08007a84                rt_thread_startup
                0x08007afc                rt_thread_control
                0x08007bb4                rt_thread_find
 .text          0x08007bbc      0x6c4 CMakeFiles/rtthread.elf.dir/rt-thread/src/timer.c.obj
                0x08007bbc                rt_timer_enter_sethook
                0x08007bc8                rt_timer_exit_sethook
                0x08007bd4                rt_timer_init
                0x08007c58                rt_timer_detach
                0x08007cd4                rt_timer_create
                0x08007d40                rt_timer_delete
                0x08007dbc                rt_timer_start
                0x08007ecc                rt_timer_stop
                0x08007f44                rt_timer_control
                0x0800800c                rt_timer_check
                0x080080d4                rt_timer_next_timeout_tick
                0x080080fc                rt_soft_timer_check
                0x08008224                rt_system_timer_init
                0x08008234                rt_system_timer_thread_init
 .text          0x08008280       0x34 CMakeFiles/rtthread.elf.dir/drivers/board.c.obj
                0x08008280                rt_hw_board_init
 .text          0x080082b4       0xb0 CMakeFiles/rtthread.elf.dir/drivers/f435_437/drv_clk.c.obj
                0x080082b4                clock_information
                0x080082c8                system_clock_config
                0x0800835c                clk_init
 .text          0x08008364      0x1f0 CMakeFiles/rtthread.elf.dir/drivers/f435_437/at32_msp.c.obj
                0x08008468                at32_msp_spi_init
                0x0800846c                at32_msp_sdio_init
                0x08008470                at32_msp_tmr_init
                0x08008474                at32_msp_adc_init
                0x08008478                at32_msp_hwtmr_init
                0x0800847c                at32_msp_can_init
                0x08008480                at32_msp_emac_init
                0x08008484                at32_msp_qspi_init
                0x08008488                at32_msp_sdram_init
                0x0800848c                at32_msp_usart_init
                0x0800854c                at32_msp_usb_init
                0x08008550                at32_msp_dac_init
 .text          0x08008554      0x65c CMakeFiles/rtthread.elf.dir/libraries/f435_437/drivers/src/at32f435_437_crm.c.obj
                0x08008554                crm_reset
                0x080085a8                crm_lext_bypass
                0x080085b8                crm_hext_bypass
                0x080085c8                crm_flag_get
                0x080085ec                crm_hext_stable_wait
                0x08008618                crm_hick_clock_trimming_set
                0x08008628                crm_hick_clock_calibration_set
                0x08008654                crm_periph_clock_enable
                0x08008684                crm_periph_reset
                0x080086b4                crm_periph_lowpower_mode_enable
                0x080086e4                crm_clock_source_enable
                0x08008734                crm_flag_clear
                0x080087dc                crm_ertc_clock_select
                0x080087f8                crm_ertc_clock_enable
                0x08008808                crm_ahb_div_set
                0x08008818                crm_apb1_div_set
                0x08008828                crm_apb2_div_set
                0x08008838                crm_usb_clock_div_set
                0x0800884c                crm_clock_failure_detection_enable
                0x0800885c                crm_battery_powered_domain_reset
                0x0800886c                crm_auto_step_mode_enable
                0x08008894                crm_hick_divider_select
                0x080088a8                crm_hick_sclk_frequency_select
                0x080088c8                crm_usb_clock_source_select
                0x080088fc                crm_clkout_to_tmr10_enable
                0x08008910                crm_pll_config
                0x0800893c                crm_sysclk_switch
                0x0800894c                crm_sysclk_switch_status_get
                0x0800895c                crm_clocks_freq_get
                0x08008a54                crm_clock_out1_set
                0x08008a64                crm_clock_out2_set
                0x08008a90                crm_clkout_div_set
                0x08008ac4                crm_emac_output_pulse_set
                0x08008ad8                crm_interrupt_enable
                0x08008af8                crm_pll_parameter_calculate
 .text          0x08008bb0      0x26c CMakeFiles/rtthread.elf.dir/libraries/f435_437/drivers/src/at32f435_437_gpio.c.obj
                0x08008bb0                gpio_reset
                0x08008cc4                gpio_init
                0x08008d60                gpio_default_para_init
                0x08008d74                gpio_input_data_bit_read
                0x08008d84                gpio_input_data_read
                0x08008d8c                gpio_output_data_bit_read
                0x08008d98                gpio_output_data_read
                0x08008da0                gpio_bits_set
                0x08008da4                gpio_bits_reset
                0x08008da8                gpio_bits_write
                0x08008db4                gpio_port_wirte
                0x08008db8                gpio_pin_wp_config
                0x08008dc8                gpio_pins_huge_driven_config
                0x08008ddc                gpio_pin_mux_config
 .text          0x08008e1c      0x138 CMakeFiles/rtthread.elf.dir/libraries/f435_437/drivers/src/at32f435_437_misc.c.obj
                0x08008e1c                nvic_system_reset
                0x08008e40                nvic_irq_enable
                0x08008ec4                nvic_irq_disable
                0x08008eec                nvic_priority_group_config
                0x08008f10                nvic_vector_table_set
                0x08008f24                nvic_lowpower_mode_config
                0x08008f3c                systick_clock_source_config
 .text          0x08008f54       0xfc CMakeFiles/rtthread.elf.dir/libraries/f435_437/drivers/src/at32f435_437_exint.c.obj
                0x08008f54                exint_reset
                0x08008f70                exint_default_para_init
                0x08008f80                exint_init
                0x08008fe0                exint_flag_clear
                0x08008fec                exint_flag_get
                0x08009000                exint_software_interrupt_event_generate
                0x08009010                exint_interrupt_enable
                0x08009030                exint_event_enable
 .text          0x08009050      0x114 CMakeFiles/rtthread.elf.dir/libraries/f435_437/drivers/src/at32f435_437_scfg.c.obj
                0x08009050                scfg_reset
                0x0800906c                scfg_xmc_mapping_swap_set
                0x0800907c                scfg_infrared_config
                0x08009094                scfg_mem_map_set
                0x080090a4                scfg_emac_interface_set
                0x080090b4                scfg_exint_line_config
                0x08009134                scfg_pins_ultra_driven_enable
 .text          0x08009164      0x400 CMakeFiles/rtthread.elf.dir/libraries/f435_437/drivers/src/at32f435_437_usart.c.obj
                0x08009164                usart_reset
                0x08009278                usart_init
                0x0800930c                usart_parity_selection_config
                0x0800934c                usart_enable
                0x08009358                usart_transmitter_enable
                0x08009364                usart_receiver_enable
                0x08009370                usart_clock_config
                0x08009390                usart_clock_enable
                0x0800939c                usart_interrupt_enable
                0x080093cc                usart_dma_transmitter_enable
                0x080093d8                usart_dma_receiver_enable
                0x080093e4                usart_wakeup_id_set
                0x08009414                usart_wakeup_mode_set
                0x08009420                usart_receiver_mute_enable
                0x0800942c                usart_break_bit_num_set
                0x08009438                usart_lin_mode_enable
                0x08009444                usart_data_transmit
                0x0800944c                usart_data_receive
                0x08009454                usart_break_send
                0x08009460                usart_smartcard_guard_time_set
                0x0800946c                usart_irda_smartcard_division_set
                0x08009478                usart_smartcard_mode_enable
                0x08009484                usart_smartcard_nack_set
                0x08009490                usart_single_line_halfduplex_select
                0x0800949c                usart_irda_mode_enable
                0x080094a8                usart_irda_low_power_enable
                0x080094b4                usart_hardware_flow_control_set
                0x0800950c                usart_flag_get
                0x08009518                usart_flag_clear
                0x08009520                usart_rs485_delay_time_config
                0x08009534                usart_transmit_receive_pin_swap
                0x08009540                usart_id_bit_num_set
                0x0800954c                usart_de_polarity_set
                0x08009558                usart_rs485_mode_enable
 .text          0x08009564      0x120 CMakeFiles/rtthread.elf.dir/libraries/f435_437/cmsis/cm4/device_support/system_at32f435_437.c.obj
                0x08009564                SystemInit
                0x080095c4                system_core_clock_update
 .text          0x08009684      0x108 CMakeFiles/rtthread.elf.dir/drivers/common/drv_common.c.obj
                0x08009688                rt_hw_systick_init
                0x080096d8                SysTick_Handler
                0x080096ec                _Error_Handler
                0x08009718                rt_hw_us_delay
                0x08009758                hw_board_init
 .text          0x0800978c      0x900 CMakeFiles/rtthread.elf.dir/drivers/common/drv_gpio.c.obj
                0x0800978c                rt_hw_pin_init
                0x08009ba0                gpio_exint_handler
                0x08009bf0                EXINT0_IRQHandler
                0x08009c14                EXINT1_IRQHandler
                0x08009c38                EXINT2_IRQHandler
                0x08009c8c                EXINT3_IRQHandler
                0x08009ce0                EXINT4_IRQHandler
                0x08009d34                EXINT9_5_IRQHandler
                0x08009eb4                EXINT15_10_IRQHandler
 .text          0x0800a08c      0x2a8 CMakeFiles/rtthread.elf.dir/drivers/common/drv_usart.c.obj
                0x0800a270                USART1_IRQHandler
                0x0800a2d8                rt_hw_usart_init
 *fill*         0x0800a334        0xc 00000000
 .text          0x0800a340      0x2dc d:/rt-threadstudio/repo/extract/toolchain_support_packages/arm/gnu_tools_for_arm_embedded_processors/5.4.1/bin/../lib/gcc/arm-none-eabi/5.4.1/../../../../arm-none-eabi/lib/armv7e-m/fpu\libc.a(lib_a-strcmp.o)
                0x0800a348                strcmp
 *fill*         0x0800a61c       0x24 00000000
 .text          0x0800a640       0xdc d:/rt-threadstudio/repo/extract/toolchain_support_packages/arm/gnu_tools_for_arm_embedded_processors/5.4.1/bin/../lib/gcc/arm-none-eabi/5.4.1/../../../../arm-none-eabi/lib/armv7e-m/fpu\libc.a(lib_a-strlen.o)
                0x0800a640                strlen
 .text          0x0800a71c       0x30 d:/rt-threadstudio/repo/extract/toolchain_support_packages/arm/gnu_tools_for_arm_embedded_processors/5.4.1/bin/../lib/gcc/arm-none-eabi/5.4.1/armv7e-m/fpu\libgcc.a(_aeabi_uldivmod.o)
                0x0800a71c                __aeabi_uldivmod
 .text          0x0800a74c      0x2e4 d:/rt-threadstudio/repo/extract/toolchain_support_packages/arm/gnu_tools_for_arm_embedded_processors/5.4.1/bin/../lib/gcc/arm-none-eabi/5.4.1/armv7e-m/fpu\libgcc.a(_udivmoddi4.o)
                0x0800a74c                __udivmoddi4
 .text          0x0800aa30        0x4 d:/rt-threadstudio/repo/extract/toolchain_support_packages/arm/gnu_tools_for_arm_embedded_processors/5.4.1/bin/../lib/gcc/arm-none-eabi/5.4.1/armv7e-m/fpu\libgcc.a(_dvmd_tls.o)
                0x0800aa30                __aeabi_idiv0
                0x0800aa30                __aeabi_ldiv0
 *(.text.*)
 .text.startup  0x0800aa34       0x2c CMakeFiles/rtthread.elf.dir/applications/main.c.obj
                0x0800aa34                main
 .text.Reset_Handler
                0x0800aa60       0x44 CMakeFiles/rtthread.elf.dir/libraries/f435_437/cmsis/cm4/device_support/startup/gcc/startup_at32f435_437.s.obj
                0x0800aa60                Reset_Handler
 .text.Default_Handler
                0x0800aaa4        0x2 CMakeFiles/rtthread.elf.dir/libraries/f435_437/cmsis/cm4/device_support/startup/gcc/startup_at32f435_437.s.obj
                0x0800aaa4                SDIO1_IRQHandler
                0x0800aaa4                XMC_IRQHandler
                0x0800aaa4                DebugMon_Handler
                0x0800aaa4                TMR20_TRG_HALL_IRQHandler
                0x0800aaa4                UART8_IRQHandler
                0x0800aaa4                SPI4_IRQHandler
                0x0800aaa4                I2C2_EVT_IRQHandler
                0x0800aaa4                TMR20_CH_IRQHandler
                0x0800aaa4                TMR1_OVF_TMR10_IRQHandler
                0x0800aaa4                TMR8_TRG_HALL_TMR14_IRQHandler
                0x0800aaa4                I2C1_ERR_IRQHandler
                0x0800aaa4                TAMP_STAMP_IRQHandler
                0x0800aaa4                EMAC_IRQHandler
                0x0800aaa4                NMI_Handler
                0x0800aaa4                EDMA_Stream7_IRQHandler
                0x0800aaa4                CAN2_RX1_IRQHandler
                0x0800aaa4                TMR5_GLOBAL_IRQHandler
                0x0800aaa4                TMR20_OVF_IRQHandler
                0x0800aaa4                EDMA_Stream2_IRQHandler
                0x0800aaa4                CAN1_RX0_IRQHandler
                0x0800aaa4                FPU_IRQHandler
                0x0800aaa4                UsageFault_Handler
                0x0800aaa4                EDMA_Stream3_IRQHandler
                0x0800aaa4                SDIO2_IRQHandler
                0x0800aaa4                OTGFS2_IRQHandler
                0x0800aaa4                SPI1_IRQHandler
                0x0800aaa4                TMR6_DAC_GLOBAL_IRQHandler
                0x0800aaa4                CAN2_RX0_IRQHandler
                0x0800aaa4                OTGFS1_IRQHandler
                0x0800aaa4                DMA2_Channel2_IRQHandler
                0x0800aaa4                DMA1_Channel4_IRQHandler
                0x0800aaa4                TMR8_CH_IRQHandler
                0x0800aaa4                EDMA_Stream4_IRQHandler
                0x0800aaa4                USART6_IRQHandler
                0x0800aaa4                USART3_IRQHandler
                0x0800aaa4                DMA1_Channel7_IRQHandler
                0x0800aaa4                CAN1_RX1_IRQHandler
                0x0800aaa4                DVP_IRQHandler
                0x0800aaa4                UART5_IRQHandler
                0x0800aaa4                ACC_IRQHandler
                0x0800aaa4                DMAMUX_IRQHandler
                0x0800aaa4                EMAC_WKUP_IRQHandler
                0x0800aaa4                DMA2_Channel1_IRQHandler
                0x0800aaa4                OTGFS2_WKUP_IRQHandler
                0x0800aaa4                DMA1_Channel6_IRQHandler
                0x0800aaa4                UART4_IRQHandler
                0x0800aaa4                DMA2_Channel4_IRQHandler
                0x0800aaa4                ERTCAlarm_IRQHandler
                0x0800aaa4                DMA1_Channel1_IRQHandler
                0x0800aaa4                Default_Handler
                0x0800aaa4                DMA2_Channel7_IRQHandler
                0x0800aaa4                TMR20_BRK_IRQHandler
                0x0800aaa4                QSPI1_IRQHandler
                0x0800aaa4                TMR3_GLOBAL_IRQHandler
                0x0800aaa4                TMR7_GLOBAL_IRQHandler
                0x0800aaa4                CAN1_SE_IRQHandler
                0x0800aaa4                CAN2_TX_IRQHandler
                0x0800aaa4                I2C3_ERR_IRQHandler
                0x0800aaa4                SPI3_I2S3EXT_IRQHandler
                0x0800aaa4                TMR1_BRK_TMR9_IRQHandler
                0x0800aaa4                TMR8_BRK_TMR12_IRQHandler
                0x0800aaa4                MemManage_Handler
                0x0800aaa4                TMR1_TRG_HALL_TMR11_IRQHandler
                0x0800aaa4                CAN1_TX_IRQHandler
                0x0800aaa4                SVC_Handler
                0x0800aaa4                DMA2_Channel5_IRQHandler
                0x0800aaa4                DMA1_Channel5_IRQHandler
                0x0800aaa4                EDMA_Stream6_IRQHandler
                0x0800aaa4                QSPI2_IRQHandler
                0x0800aaa4                TMR4_GLOBAL_IRQHandler
                0x0800aaa4                CAN2_SE_IRQHandler
                0x0800aaa4                PVM_IRQHandler
                0x0800aaa4                I2C3_EVT_IRQHandler
                0x0800aaa4                DMA1_Channel3_IRQHandler
                0x0800aaa4                I2C1_EVT_IRQHandler
                0x0800aaa4                TMR8_OVF_TMR13_IRQHandler
                0x0800aaa4                DMA2_Channel6_IRQHandler
                0x0800aaa4                EDMA_Stream5_IRQHandler
                0x0800aaa4                EDMA_Stream1_IRQHandler
                0x0800aaa4                UART7_IRQHandler
                0x0800aaa4                USART2_IRQHandler
                0x0800aaa4                DMA1_Channel2_IRQHandler
                0x0800aaa4                TMR2_GLOBAL_IRQHandler
                0x0800aaa4                ERTC_WKUP_IRQHandler
                0x0800aaa4                FLASH_IRQHandler
                0x0800aaa4                SPI2_I2S2EXT_IRQHandler
                0x0800aaa4                I2C2_ERR_IRQHandler
                0x0800aaa4                BusFault_Handler
                0x0800aaa4                TMR1_CH_IRQHandler
                0x0800aaa4                CRM_IRQHandler
                0x0800aaa4                EDMA_Stream8_IRQHandler
                0x0800aaa4                OTGFS1_WKUP_IRQHandler
                0x0800aaa4                ADC1_2_3_IRQHandler
                0x0800aaa4                WWDT_IRQHandler
                0x0800aaa4                DMA2_Channel3_IRQHandler
 *fill*         0x0800aaa6        0x2 00000000
 .text.atoi     0x0800aaa8        0x8 d:/rt-threadstudio/repo/extract/toolchain_support_packages/arm/gnu_tools_for_arm_embedded_processors/5.4.1/bin/../lib/gcc/arm-none-eabi/5.4.1/../../../../arm-none-eabi/lib/armv7e-m/fpu\libc.a(lib_a-atoi.o)
                0x0800aaa8                atoi
 .text.__get_current_locale
                0x0800aab0       0x18 d:/rt-threadstudio/repo/extract/toolchain_support_packages/arm/gnu_tools_for_arm_embedded_processors/5.4.1/bin/../lib/gcc/arm-none-eabi/5.4.1/../../../../arm-none-eabi/lib/armv7e-m/fpu\libc.a(lib_a-locale.o)
 .text.__locale_ctype_ptr_l
                0x0800aac8        0x8 d:/rt-threadstudio/repo/extract/toolchain_support_packages/arm/gnu_tools_for_arm_embedded_processors/5.4.1/bin/../lib/gcc/arm-none-eabi/5.4.1/../../../../arm-none-eabi/lib/armv7e-m/fpu\libc.a(lib_a-locale.o)
                0x0800aac8                __locale_ctype_ptr_l
 .text.__locale_ctype_ptr
                0x0800aad0       0x14 d:/rt-threadstudio/repo/extract/toolchain_support_packages/arm/gnu_tools_for_arm_embedded_processors/5.4.1/bin/../lib/gcc/arm-none-eabi/5.4.1/../../../../arm-none-eabi/lib/armv7e-m/fpu\libc.a(lib_a-locale.o)
                0x0800aad0                __locale_ctype_ptr
 .text.malloc   0x0800aae4       0x10 d:/rt-threadstudio/repo/extract/toolchain_support_packages/arm/gnu_tools_for_arm_embedded_processors/5.4.1/bin/../lib/gcc/arm-none-eabi/5.4.1/../../../../arm-none-eabi/lib/armv7e-m/fpu\libc.a(lib_a-malloc.o)
                0x0800aae4                malloc
 .text.__ascii_mbtowc
                0x0800aaf4       0x2c d:/rt-threadstudio/repo/extract/toolchain_support_packages/arm/gnu_tools_for_arm_embedded_processors/5.4.1/bin/../lib/gcc/arm-none-eabi/5.4.1/../../../../arm-none-eabi/lib/armv7e-m/fpu\libc.a(lib_a-mbtowc_r.o)
                0x0800aaf4                __ascii_mbtowc
 .text.memcmp   0x0800ab20       0x64 d:/rt-threadstudio/repo/extract/toolchain_support_packages/arm/gnu_tools_for_arm_embedded_processors/5.4.1/bin/../lib/gcc/arm-none-eabi/5.4.1/../../../../arm-none-eabi/lib/armv7e-m/fpu\libc.a(lib_a-memcmp.o)
                0x0800ab20                memcmp
 .text.strcpy   0x0800ab84       0xbc d:/rt-threadstudio/repo/extract/toolchain_support_packages/arm/gnu_tools_for_arm_embedded_processors/5.4.1/bin/../lib/gcc/arm-none-eabi/5.4.1/../../../../arm-none-eabi/lib/armv7e-m/fpu\libc.a(lib_a-strcpy.o)
                0x0800ab84                strcpy
 .text.strncat  0x0800ac40       0x5c d:/rt-threadstudio/repo/extract/toolchain_support_packages/arm/gnu_tools_for_arm_embedded_processors/5.4.1/bin/../lib/gcc/arm-none-eabi/5.4.1/../../../../arm-none-eabi/lib/armv7e-m/fpu\libc.a(lib_a-strncat.o)
                0x0800ac40                strncat
 .text.strncmp  0x0800ac9c       0xa0 d:/rt-threadstudio/repo/extract/toolchain_support_packages/arm/gnu_tools_for_arm_embedded_processors/5.4.1/bin/../lib/gcc/arm-none-eabi/5.4.1/../../../../arm-none-eabi/lib/armv7e-m/fpu\libc.a(lib_a-strncmp.o)
                0x0800ac9c                strncmp
 .text.strncpy  0x0800ad3c       0x68 d:/rt-threadstudio/repo/extract/toolchain_support_packages/arm/gnu_tools_for_arm_embedded_processors/5.4.1/bin/../lib/gcc/arm-none-eabi/5.4.1/../../../../arm-none-eabi/lib/armv7e-m/fpu\libc.a(lib_a-strncpy.o)
                0x0800ad3c                strncpy
 .text._strtol_l.isra.0
                0x0800ada4      0x138 d:/rt-threadstudio/repo/extract/toolchain_support_packages/arm/gnu_tools_for_arm_embedded_processors/5.4.1/bin/../lib/gcc/arm-none-eabi/5.4.1/../../../../arm-none-eabi/lib/armv7e-m/fpu\libc.a(lib_a-strtol.o)
 .text.strtol   0x0800aedc       0x2c d:/rt-threadstudio/repo/extract/toolchain_support_packages/arm/gnu_tools_for_arm_embedded_processors/5.4.1/bin/../lib/gcc/arm-none-eabi/5.4.1/../../../../arm-none-eabi/lib/armv7e-m/fpu\libc.a(lib_a-strtol.o)
                0x0800aedc                strtol
 .text.__ascii_wctomb
                0x0800af08       0x1c d:/rt-threadstudio/repo/extract/toolchain_support_packages/arm/gnu_tools_for_arm_embedded_processors/5.4.1/bin/../lib/gcc/arm-none-eabi/5.4.1/../../../../arm-none-eabi/lib/armv7e-m/fpu\libc.a(lib_a-wctomb_r.o)
                0x0800af08                __ascii_wctomb
 .text.startup.register_fini
                0x0800af24       0x14 d:/rt-threadstudio/repo/extract/toolchain_support_packages/arm/gnu_tools_for_arm_embedded_processors/5.4.1/bin/../lib/gcc/arm-none-eabi/5.4.1/../../../../arm-none-eabi/lib/armv7e-m/fpu\libc.a(lib_a-__call_atexit.o)
 .text.atexit   0x0800af38        0xc d:/rt-threadstudio/repo/extract/toolchain_support_packages/arm/gnu_tools_for_arm_embedded_processors/5.4.1/bin/../lib/gcc/arm-none-eabi/5.4.1/../../../../arm-none-eabi/lib/armv7e-m/fpu\libc.a(lib_a-atexit.o)
                0x0800af38                atexit
 .text.__libc_fini_array
                0x0800af44       0x28 d:/rt-threadstudio/repo/extract/toolchain_support_packages/arm/gnu_tools_for_arm_embedded_processors/5.4.1/bin/../lib/gcc/arm-none-eabi/5.4.1/../../../../arm-none-eabi/lib/armv7e-m/fpu\libc.a(lib_a-fini.o)
                0x0800af44                __libc_fini_array
 .text.__register_exitproc
                0x0800af6c       0xa4 d:/rt-threadstudio/repo/extract/toolchain_support_packages/arm/gnu_tools_for_arm_embedded_processors/5.4.1/bin/../lib/gcc/arm-none-eabi/5.4.1/../../../../arm-none-eabi/lib/armv7e-m/fpu\libc.a(lib_a-__atexit.o)
                0x0800af6c                __register_exitproc
 *(.rodata)
 .rodata        0x0800b010       0x5d CMakeFiles/rtthread.elf.dir/rt-thread/components/libc/compilers/newlib/syscalls.c.obj
 *fill*         0x0800b06d        0x3 00000000
 .rodata        0x0800b070       0x13 CMakeFiles/rtthread.elf.dir/rt-thread/libcpu/arm/cortex-m4/cpuport.c.obj
 *fill*         0x0800b083        0x1 00000000
 .rodata        0x0800b084       0x3b CMakeFiles/rtthread.elf.dir/rt-thread/components/drivers/ipc/completion.c.obj
 *fill*         0x0800b0bf        0x1 00000000
 .rodata        0x0800b0c0       0x97 CMakeFiles/rtthread.elf.dir/rt-thread/components/drivers/misc/pin.c.obj
 *fill*         0x0800b157        0x1 00000000
 .rodata        0x0800b158       0xad CMakeFiles/rtthread.elf.dir/rt-thread/components/drivers/serial/serial.c.obj
 *fill*         0x0800b205        0x3 00000000
 .rodata        0x0800b208       0x97 CMakeFiles/rtthread.elf.dir/rt-thread/components/finsh/shell.c.obj
 *fill*         0x0800b29f        0x1 00000000
 .rodata        0x0800b2a0       0x78 CMakeFiles/rtthread.elf.dir/rt-thread/components/finsh/cmd.c.obj
 .rodata        0x0800b318       0x14 CMakeFiles/rtthread.elf.dir/rt-thread/src/components.c.obj
 .rodata        0x0800b32c       0xc6 CMakeFiles/rtthread.elf.dir/rt-thread/src/device.c.obj
 *fill*         0x0800b3f2        0x2 00000000
 .rodata        0x0800b3f4      0x256 CMakeFiles/rtthread.elf.dir/rt-thread/src/ipc.c.obj
 *fill*         0x0800b64a        0x2 00000000
 .rodata        0x0800b64c       0x79 CMakeFiles/rtthread.elf.dir/rt-thread/src/kservice.c.obj
 *fill*         0x0800b6c5        0x3 00000000
 .rodata        0x0800b6c8       0x4c CMakeFiles/rtthread.elf.dir/rt-thread/src/mem.c.obj
 .rodata        0x0800b714       0x8b CMakeFiles/rtthread.elf.dir/rt-thread/src/object.c.obj
 *fill*         0x0800b79f        0x1 00000000
 .rodata        0x0800b7a0       0x36 CMakeFiles/rtthread.elf.dir/rt-thread/src/scheduler.c.obj
 *fill*         0x0800b7d6        0x2 00000000
 .rodata        0x0800b7d8       0xce CMakeFiles/rtthread.elf.dir/rt-thread/src/thread.c.obj
 *fill*         0x0800b8a6        0x2 00000000
 .rodata        0x0800b8a8       0x71 CMakeFiles/rtthread.elf.dir/rt-thread/src/timer.c.obj
 *fill*         0x0800b919        0x3 00000000
 .rodata        0x0800b91c       0x20 CMakeFiles/rtthread.elf.dir/libraries/f435_437/drivers/src/at32f435_437_crm.c.obj
 .rodata        0x0800b93c       0x18 CMakeFiles/rtthread.elf.dir/libraries/f435_437/cmsis/cm4/device_support/system_at32f435_437.c.obj
 .rodata        0x0800b954       0x7c CMakeFiles/rtthread.elf.dir/drivers/common/drv_gpio.c.obj
 .rodata        0x0800b9d0       0x65 CMakeFiles/rtthread.elf.dir/drivers/common/drv_usart.c.obj
 *(.rodata*)
 *fill*         0x0800ba35        0x3 00000000
 .rodata.str1.4
                0x0800ba38       0x2e CMakeFiles/rtthread.elf.dir/rt-thread/components/libc/compilers/common/cstdlib.c.obj
 *fill*         0x0800ba66        0x2 00000000
 .rodata.str1.4
                0x0800ba68       0x43 CMakeFiles/rtthread.elf.dir/rt-thread/components/libc/compilers/newlib/syscalls.c.obj
                                 0x4a (size before relaxing)
 *fill*         0x0800baab        0x1 00000000
 .rodata.str1.4
                0x0800baac      0x2c5 CMakeFiles/rtthread.elf.dir/rt-thread/libcpu/arm/cortex-m4/cpuport.c.obj
                                0x2ce (size before relaxing)
 *fill*         0x0800bd71        0x3 00000000
 .rodata.str1.4
                0x0800bd74       0xd3 CMakeFiles/rtthread.elf.dir/rt-thread/components/drivers/ipc/completion.c.obj
                                 0xd7 (size before relaxing)
 *fill*         0x0800be47        0x1 00000000
 .rodata.name   0x0800be48       0x14 CMakeFiles/rtthread.elf.dir/rt-thread/components/drivers/misc/pin.c.obj
                0x0800be48                __fsym_pin_desc
                0x0800be58                __fsym_pin_name
 .rodata.str1.4
                0x0800be5c      0x2ac CMakeFiles/rtthread.elf.dir/rt-thread/components/drivers/misc/pin.c.obj
 .rodata.str1.4
                0x0800c108       0xcf CMakeFiles/rtthread.elf.dir/rt-thread/components/drivers/serial/serial.c.obj
                                 0xd6 (size before relaxing)
 *fill*         0x0800c1d7        0x1 00000000
 .rodata.str1.4
                0x0800c1d8       0x8c CMakeFiles/rtthread.elf.dir/rt-thread/components/finsh/shell.c.obj
                                 0x93 (size before relaxing)
 .rodata.name   0x0800c264       0x6d CMakeFiles/rtthread.elf.dir/rt-thread/components/finsh/msh.c.obj
                0x0800c264                __fsym_free_desc
                0x0800c28c                __fsym_free_name
                0x0800c294                __fsym_ps_desc
                0x0800c2b0                __fsym_ps_name
                0x0800c2b4                __fsym_help_desc
                0x0800c2cc                __fsym_help_name
 *fill*         0x0800c2d1        0x3 00000000
 .rodata.str1.4
                0x0800c2d4       0xa4 CMakeFiles/rtthread.elf.dir/rt-thread/components/finsh/msh.c.obj
                                 0xac (size before relaxing)
 .rodata.name   0x0800c378      0x1ba CMakeFiles/rtthread.elf.dir/rt-thread/components/finsh/cmd.c.obj
                0x0800c378                __fsym_list_desc
                0x0800c388                __fsym_list_name
                0x0800c390                __fsym_list_device_desc
                0x0800c3a8                __fsym_list_device_name
                0x0800c3b4                __fsym_list_timer_desc
                0x0800c3cc                __fsym_list_timer_name
                0x0800c3d8                __fsym_list_mempool_desc
                0x0800c3f4                __fsym_list_mempool_name
                0x0800c404                __fsym_list_msgqueue_desc
                0x0800c424                __fsym_list_msgqueue_name
                0x0800c434                __fsym_list_mailbox_desc
                0x0800c44c                __fsym_list_mailbox_name
                0x0800c45c                __fsym_list_mutex_desc
                0x0800c474                __fsym_list_mutex_name
                0x0800c480                __fsym_list_event_desc
                0x0800c498                __fsym_list_event_name
                0x0800c4a4                __fsym_list_sem_desc
                0x0800c4c0                __fsym_list_sem_name
                0x0800c4cc                __fsym_list_thread_desc
                0x0800c4d8                __fsym_list_thread_name
                0x0800c4e4                __fsym_version_desc
                0x0800c508                __fsym_version_name
                0x0800c510                __fsym_clear_desc
                0x0800c52c                __fsym_clear_name
 *fill*         0x0800c532        0x2 00000000
 .rodata.str1.4
                0x0800c534      0x7db CMakeFiles/rtthread.elf.dir/rt-thread/components/finsh/cmd.c.obj
                                0x7df (size before relaxing)
 *fill*         0x0800cd0f        0x1 00000000
 .rodata.str1.4
                0x0800cd10       0x17 CMakeFiles/rtthread.elf.dir/rt-thread/src/components.c.obj
 *fill*         0x0800cd27        0x1 00000000
 .rodata.str1.4
                0x0800cd28       0xe4 CMakeFiles/rtthread.elf.dir/rt-thread/src/device.c.obj
                                 0xf4 (size before relaxing)
 .rodata.str1.4
                0x0800ce0c        0x8 CMakeFiles/rtthread.elf.dir/rt-thread/src/idle.c.obj
 .rodata.str1.4
                0x0800ce14      0x44e CMakeFiles/rtthread.elf.dir/rt-thread/src/ipc.c.obj
                                0x4de (size before relaxing)
 *fill*         0x0800d262        0x2 00000000
 .rodata.str1.4
                0x0800d264      0x1cf CMakeFiles/rtthread.elf.dir/rt-thread/src/kservice.c.obj
 *fill*         0x0800d433        0x1 00000000
 .rodata.str1.4
                0x0800d434      0x3bb CMakeFiles/rtthread.elf.dir/rt-thread/src/mem.c.obj
                                0x3cb (size before relaxing)
 *fill*         0x0800d7ef        0x1 00000000
 .rodata.str1.4
                0x0800d7f0       0x65 CMakeFiles/rtthread.elf.dir/rt-thread/src/object.c.obj
                                 0x91 (size before relaxing)
 *fill*         0x0800d855        0x3 00000000
 .rodata.str1.4
                0x0800d858       0x65 CMakeFiles/rtthread.elf.dir/rt-thread/src/scheduler.c.obj
 *fill*         0x0800d8bd        0x3 00000000
 .rodata.str1.4
                0x0800d8c0      0x18b CMakeFiles/rtthread.elf.dir/rt-thread/src/thread.c.obj
                                0x19f (size before relaxing)
 *fill*         0x0800da4b        0x1 00000000
 .rodata.str1.4
                0x0800da4c      0x106 CMakeFiles/rtthread.elf.dir/rt-thread/src/timer.c.obj
                                0x10e (size before relaxing)
 *fill*         0x0800db52        0x2 00000000
 .rodata.str1.4
                0x0800db54       0x21 CMakeFiles/rtthread.elf.dir/applications/main.c.obj
                                 0x2a (size before relaxing)
 *fill*         0x0800db75        0x3 00000000
 .rodata.str1.4
                0x0800db78        0xa CMakeFiles/rtthread.elf.dir/drivers/board.c.obj
 *fill*         0x0800db82        0x2 00000000
 .rodata.name   0x0800db84       0x17 CMakeFiles/rtthread.elf.dir/drivers/common/drv_common.c.obj
                0x0800db84                __fsym_reboot_desc
                0x0800db94                __fsym_reboot_name
 *fill*         0x0800db9b        0x1 00000000
 .rodata.str1.4
                0x0800db9c       0x38 CMakeFiles/rtthread.elf.dir/drivers/common/drv_common.c.obj
                                 0x3e (size before relaxing)
 .rodata.str1.4
                0x0800dbd4        0x4 CMakeFiles/rtthread.elf.dir/drivers/common/drv_gpio.c.obj
 .rodata.str1.4
                0x0800dbd8       0x41 CMakeFiles/rtthread.elf.dir/drivers/common/drv_usart.c.obj
                                 0x5d (size before relaxing)
 *fill*         0x0800dc19        0x3 00000000
 .rodata._global_impure_ptr
                0x0800dc1c        0x4 d:/rt-threadstudio/repo/extract/toolchain_support_packages/arm/gnu_tools_for_arm_embedded_processors/5.4.1/bin/../lib/gcc/arm-none-eabi/5.4.1/../../../../arm-none-eabi/lib/armv7e-m/fpu\libc.a(lib_a-impure.o)
                0x0800dc1c                _global_impure_ptr
 .rodata.str1.4
                0x0800dc20       0x10 d:/rt-threadstudio/repo/extract/toolchain_support_packages/arm/gnu_tools_for_arm_embedded_processors/5.4.1/bin/../lib/gcc/arm-none-eabi/5.4.1/../../../../arm-none-eabi/lib/armv7e-m/fpu\libc.a(lib_a-locale.o)
                                 0x12 (size before relaxing)
 .rodata._ctype_
                0x0800dc30      0x101 d:/rt-threadstudio/repo/extract/toolchain_support_packages/arm/gnu_tools_for_arm_embedded_processors/5.4.1/bin/../lib/gcc/arm-none-eabi/5.4.1/../../../../arm-none-eabi/lib/armv7e-m/fpu\libc.a(lib_a-ctype_.o)
                0x0800dc30                _ctype_
 *(.glue_7)
 .glue_7        0x0800dd31        0x0 linker stubs
 *(.glue_7t)
 .glue_7t       0x0800dd31        0x0 linker stubs
 *(.gnu.linkonce.t*)
                0x0800dd34                . = ALIGN (0x4)
 *fill*         0x0800dd31        0x3 00000000
                0x0800dd34                __fsymtab_start = .
 *(FSymTab)
 FSymTab        0x0800dd34        0xc CMakeFiles/rtthread.elf.dir/rt-thread/components/drivers/misc/pin.c.obj
                0x0800dd34                __fsym_pin
 FSymTab        0x0800dd40       0x24 CMakeFiles/rtthread.elf.dir/rt-thread/components/finsh/msh.c.obj
                0x0800dd40                __fsym_free
                0x0800dd4c                __fsym_ps
                0x0800dd58                __fsym_help
 FSymTab        0x0800dd64       0x90 CMakeFiles/rtthread.elf.dir/rt-thread/components/finsh/cmd.c.obj
                0x0800dd64                __fsym_list
                0x0800dd70                __fsym_list_device
                0x0800dd7c                __fsym_list_timer
                0x0800dd88                __fsym_list_mempool
                0x0800dd94                __fsym_list_msgqueue
                0x0800dda0                __fsym_list_mailbox
                0x0800ddac                __fsym_list_mutex
                0x0800ddb8                __fsym_list_event
                0x0800ddc4                __fsym_list_sem
                0x0800ddd0                __fsym_list_thread
                0x0800dddc                __fsym_version
                0x0800dde8                __fsym_clear
 FSymTab        0x0800ddf4        0xc CMakeFiles/rtthread.elf.dir/drivers/common/drv_common.c.obj
                0x0800ddf4                __fsym_reboot
                0x0800de00                __fsymtab_end = .
                0x0800de00                . = ALIGN (0x4)
                0x0800de00                __vsymtab_start = .
 *(VSymTab)
                0x0800de00                __vsymtab_end = .
                0x0800de00                . = ALIGN (0x4)
                0x0800de00                __rt_utest_tc_tab_start = .
 *(UtestTcTab)
                0x0800de00                __rt_utest_tc_tab_end = .
                0x0800de00                . = ALIGN (0x4)
                0x0800de00                __rtatcmdtab_start = .
 *(RtAtCmdTab)
                0x0800de00                __rtatcmdtab_end = .
                0x0800de00                . = ALIGN (0x4)
                0x0800de00                . = ALIGN (0x4)
                0x0800de00                __rt_init_start = .
 *(SORT(.rti_fn*))
 .rti_fn.0      0x0800de00        0x4 CMakeFiles/rtthread.elf.dir/rt-thread/src/components.c.obj
                0x0800de00                __rt_init_rti_start
 .rti_fn.0.end  0x0800de04        0x4 CMakeFiles/rtthread.elf.dir/rt-thread/src/components.c.obj
                0x0800de04                __rt_init_rti_board_start
 .rti_fn.1      0x0800de08        0x4 CMakeFiles/rtthread.elf.dir/drivers/f435_437/drv_clk.c.obj
                0x0800de08                __rt_init_clock_information
 .rti_fn.1      0x0800de0c        0x4 CMakeFiles/rtthread.elf.dir/drivers/common/drv_gpio.c.obj
                0x0800de0c                __rt_init_rt_hw_pin_init
 .rti_fn.1.end  0x0800de10        0x4 CMakeFiles/rtthread.elf.dir/rt-thread/src/components.c.obj
                0x0800de10                __rt_init_rti_board_end
 .rti_fn.6      0x0800de14        0x4 CMakeFiles/rtthread.elf.dir/rt-thread/components/finsh/shell.c.obj
                0x0800de14                __rt_init_finsh_system_init
 .rti_fn.6.end  0x0800de18        0x4 CMakeFiles/rtthread.elf.dir/rt-thread/src/components.c.obj
                0x0800de18                __rt_init_rti_end
                0x0800de1c                __rt_init_end = .
                0x0800de1c                . = ALIGN (0x4)
                [!provide]                PROVIDE (__ctors_start__, .)
 *(SORT(.init_array.*))
 .init_array.00000
                0x0800de1c        0x4 d:/rt-threadstudio/repo/extract/toolchain_support_packages/arm/gnu_tools_for_arm_embedded_processors/5.4.1/bin/../lib/gcc/arm-none-eabi/5.4.1/../../../../arm-none-eabi/lib/armv7e-m/fpu\libc.a(lib_a-__call_atexit.o)
 *(.init_array)
 .init_array    0x0800de20        0x4 d:/rt-threadstudio/repo/extract/toolchain_support_packages/arm/gnu_tools_for_arm_embedded_processors/5.4.1/bin/../lib/gcc/arm-none-eabi/5.4.1/armv7e-m/fpu/crtbegin.o
                [!provide]                PROVIDE (__ctors_end__, .)
                0x0800de24                . = ALIGN (0x4)
                0x0800de24                _etext = .
                0x0800de24                __exidx_start = .

.vfp11_veneer   0x0800de24        0x0
 .vfp11_veneer  0x0800de24        0x0 linker stubs

.v4_bx          0x0800de24        0x0
 .v4_bx         0x0800de24        0x0 linker stubs

.init           0x0800de24        0x4
 .init          0x0800de24        0x4 d:/rt-threadstudio/repo/extract/toolchain_support_packages/arm/gnu_tools_for_arm_embedded_processors/5.4.1/bin/../lib/gcc/arm-none-eabi/5.4.1/armv7e-m/fpu/crti.o
                0x0800de24                _init

.fini           0x0800de28        0x4
 .fini          0x0800de28        0x4 d:/rt-threadstudio/repo/extract/toolchain_support_packages/arm/gnu_tools_for_arm_embedded_processors/5.4.1/bin/../lib/gcc/arm-none-eabi/5.4.1/armv7e-m/fpu/crti.o
                0x0800de28                _fini

.iplt           0x0800de2c        0x0
 .iplt          0x0800de2c        0x0 d:/rt-threadstudio/repo/extract/toolchain_support_packages/arm/gnu_tools_for_arm_embedded_processors/5.4.1/bin/../lib/gcc/arm-none-eabi/5.4.1/armv7e-m/fpu/crtbegin.o

.eh_frame       0x0800de2c        0x0
 .eh_frame      0x0800de2c        0x0 d:/rt-threadstudio/repo/extract/toolchain_support_packages/arm/gnu_tools_for_arm_embedded_processors/5.4.1/bin/../lib/gcc/arm-none-eabi/5.4.1/armv7e-m/fpu/crtbegin.o

.ARM.exidx      0x0800de2c        0x8
 *(.ARM.exidx* .gnu.linkonce.armexidx.*)
 .ARM.exidx     0x0800de2c        0x8 d:/rt-threadstudio/repo/extract/toolchain_support_packages/arm/gnu_tools_for_arm_embedded_processors/5.4.1/bin/../lib/gcc/arm-none-eabi/5.4.1/armv7e-m/fpu\libgcc.a(_udivmoddi4.o)
                0x0800de34                _sidata = .
                0x0800de34                __exidx_end = .

.rel.dyn        0x0800de34        0x0
 .rel.iplt      0x0800de34        0x0 d:/rt-threadstudio/repo/extract/toolchain_support_packages/arm/gnu_tools_for_arm_embedded_processors/5.4.1/bin/../lib/gcc/arm-none-eabi/5.4.1/armv7e-m/fpu/crtbegin.o

.data           0x20000000      0x780 load address 0x0800de34
                0x20000000                . = ALIGN (0x4)
                0x20000000                _sdata = .
 *(.data)
 .data          0x20000000        0x8 CMakeFiles/rtthread.elf.dir/rt-thread/src/idle.c.obj
 .data          0x20000008       0xa0 CMakeFiles/rtthread.elf.dir/rt-thread/src/object.c.obj
 .data          0x200000a8        0x1 CMakeFiles/rtthread.elf.dir/rt-thread/src/timer.c.obj
 *fill*         0x200000a9        0x3 
 .data          0x200000ac        0x4 CMakeFiles/rtthread.elf.dir/libraries/f435_437/cmsis/cm4/device_support/system_at32f435_437.c.obj
                0x200000ac                system_core_clock
 .data          0x200000b0       0xc0 CMakeFiles/rtthread.elf.dir/drivers/common/drv_gpio.c.obj
 .data          0x20000170       0x78 CMakeFiles/rtthread.elf.dir/drivers/common/drv_usart.c.obj
 *(.data.*)
 .data.impure_data
                0x200001e8      0x428 d:/rt-threadstudio/repo/extract/toolchain_support_packages/arm/gnu_tools_for_arm_embedded_processors/5.4.1/bin/../lib/gcc/arm-none-eabi/5.4.1/../../../../arm-none-eabi/lib/armv7e-m/fpu\libc.a(lib_a-impure.o)
 .data._impure_ptr
                0x20000610        0x4 d:/rt-threadstudio/repo/extract/toolchain_support_packages/arm/gnu_tools_for_arm_embedded_processors/5.4.1/bin/../lib/gcc/arm-none-eabi/5.4.1/../../../../arm-none-eabi/lib/armv7e-m/fpu\libc.a(lib_a-impure.o)
                0x20000610                _impure_ptr
 .data.__global_locale
                0x20000614      0x16c d:/rt-threadstudio/repo/extract/toolchain_support_packages/arm/gnu_tools_for_arm_embedded_processors/5.4.1/bin/../lib/gcc/arm-none-eabi/5.4.1/../../../../arm-none-eabi/lib/armv7e-m/fpu\libc.a(lib_a-locale.o)
                0x20000614                __global_locale
 *(.gnu.linkonce.d*)
                [!provide]                PROVIDE (__dtors_start__, .)
 *(SORT(.dtors.*))
 *(.dtors)
                [!provide]                PROVIDE (__dtors_end__, .)
                0x20000780                . = ALIGN (0x4)
                0x20000780                _edata = .

.jcr            0x20000780        0x0 load address 0x0800e5b4
 .jcr           0x20000780        0x0 d:/rt-threadstudio/repo/extract/toolchain_support_packages/arm/gnu_tools_for_arm_embedded_processors/5.4.1/bin/../lib/gcc/arm-none-eabi/5.4.1/armv7e-m/fpu/crtbegin.o

.igot.plt       0x20000780        0x0 load address 0x0800e5b4
 .igot.plt      0x20000780        0x0 d:/rt-threadstudio/repo/extract/toolchain_support_packages/arm/gnu_tools_for_arm_embedded_processors/5.4.1/bin/../lib/gcc/arm-none-eabi/5.4.1/armv7e-m/fpu/crtbegin.o

.stack          0x20000780      0x400 load address 0x0800e5b4
                0x20000780                . = ALIGN (0x4)
                0x20000780                _sstack = .
                0x20000b80                . = (. + _system_stack_size)
 *fill*         0x20000780      0x400 
                0x20000b80                . = ALIGN (0x4)
                0x20000b80                _estack = .
                0x20000b80                __bss_start = .

.bss            0x20000b80      0x840 load address 0x0800e9b4
                0x20000b80                . = ALIGN (0x4)
                0x20000b80                _sbss = .
 *(.bss)
 .bss           0x20000b80       0x1c d:/rt-threadstudio/repo/extract/toolchain_support_packages/arm/gnu_tools_for_arm_embedded_processors/5.4.1/bin/../lib/gcc/arm-none-eabi/5.4.1/armv7e-m/fpu/crtbegin.o
 .bss           0x20000b9c        0x4 CMakeFiles/rtthread.elf.dir/rt-thread/libcpu/arm/cortex-m4/cpuport.c.obj
 .bss           0x20000ba0       0x44 CMakeFiles/rtthread.elf.dir/rt-thread/components/drivers/misc/pin.c.obj
 .bss           0x20000be4        0x4 CMakeFiles/rtthread.elf.dir/rt-thread/components/drivers/serial/serial.c.obj
 .bss           0x20000be8      0x10d CMakeFiles/rtthread.elf.dir/rt-thread/components/finsh/shell.c.obj
                0x20000be8                _syscall_table_begin
                0x20000bec                _syscall_table_end
 *fill*         0x20000cf5        0x3 
 .bss           0x20000cf8        0x8 CMakeFiles/rtthread.elf.dir/rt-thread/src/clock.c.obj
 .bss           0x20000d00      0x190 CMakeFiles/rtthread.elf.dir/rt-thread/src/idle.c.obj
 .bss           0x20000e90        0x9 CMakeFiles/rtthread.elf.dir/rt-thread/src/irq.c.obj
                0x20000e98                rt_interrupt_nest
 *fill*         0x20000e99        0x3 
 .bss           0x20000e9c      0x138 CMakeFiles/rtthread.elf.dir/rt-thread/src/kservice.c.obj
 .bss           0x20000fd4        0x8 CMakeFiles/rtthread.elf.dir/rt-thread/src/object.c.obj
 .bss           0x20000fdc       0x10 CMakeFiles/rtthread.elf.dir/rt-thread/src/scheduler.c.obj
                0x20000fe8                rt_current_thread
 .bss           0x20000fec        0xc CMakeFiles/rtthread.elf.dir/rt-thread/src/thread.c.obj
 .bss           0x20000ff8      0x29c CMakeFiles/rtthread.elf.dir/rt-thread/src/timer.c.obj
 .bss           0x20001294        0x4 CMakeFiles/rtthread.elf.dir/drivers/common/drv_gpio.c.obj
 *(.bss.*)
 *(COMMON)
 COMMON         0x20001298        0xc CMakeFiles/rtthread.elf.dir/rt-thread/libcpu/arm/cortex-m4/cpuport.c.obj
                0x20001298                rt_interrupt_to_thread
                0x2000129c                rt_interrupt_from_thread
                0x200012a0                rt_thread_switch_interrupt_flag
 COMMON         0x200012a4        0x4 CMakeFiles/rtthread.elf.dir/rt-thread/components/finsh/shell.c.obj
                0x200012a4                shell
 COMMON         0x200012a8        0x4 CMakeFiles/rtthread.elf.dir/rt-thread/src/kservice.c.obj
                0x200012a8                rt_assert_hook
 COMMON         0x200012ac        0xc CMakeFiles/rtthread.elf.dir/rt-thread/src/object.c.obj
                0x200012ac                rt_object_put_hook
                0x200012b0                rt_object_take_hook
                0x200012b4                rt_object_trytake_hook
 COMMON         0x200012b8      0x108 CMakeFiles/rtthread.elf.dir/rt-thread/src/scheduler.c.obj
                0x200012b8                rt_thread_priority_table
                0x200013b8                rt_current_priority
                0x200013bc                rt_thread_ready_priority_group
                0x200013c0                . = ALIGN (0x4)
                0x200013c0                _ebss = .
 *(.bss.init)
                0x200013c0                __bss_end = .
                0x200013c0                _end = .

.stab
 *(.stab)

.stabstr
 *(.stabstr)

.stab.excl
 *(.stab.excl)

.stab.exclstr
 *(.stab.exclstr)

.stab.index
 *(.stab.index)

.stab.indexstr
 *(.stab.indexstr)

.comment        0x00000000       0x6e
 *(.comment)
 .comment       0x00000000       0x6e CMakeFiles/rtthread.elf.dir/rt-thread/components/libc/compilers/common/cstdlib.c.obj
                                 0x6f (size before relaxing)
 .comment       0x0000006e       0x6f CMakeFiles/rtthread.elf.dir/rt-thread/components/libc/compilers/newlib/syscalls.c.obj
 .comment       0x0000006e       0x6f CMakeFiles/rtthread.elf.dir/rt-thread/libcpu/arm/cortex-m4/cpuport.c.obj
 .comment       0x0000006e       0x6f CMakeFiles/rtthread.elf.dir/rt-thread/components/drivers/ipc/completion.c.obj
 .comment       0x0000006e       0x6f CMakeFiles/rtthread.elf.dir/rt-thread/components/drivers/misc/pin.c.obj
 .comment       0x0000006e       0x6f CMakeFiles/rtthread.elf.dir/rt-thread/components/drivers/serial/serial.c.obj
 .comment       0x0000006e       0x6f CMakeFiles/rtthread.elf.dir/rt-thread/components/finsh/shell.c.obj
 .comment       0x0000006e       0x6f CMakeFiles/rtthread.elf.dir/rt-thread/components/finsh/msh.c.obj
 .comment       0x0000006e       0x6f CMakeFiles/rtthread.elf.dir/rt-thread/components/finsh/msh_parse.c.obj
 .comment       0x0000006e       0x6f CMakeFiles/rtthread.elf.dir/rt-thread/components/finsh/cmd.c.obj
 .comment       0x0000006e       0x6f CMakeFiles/rtthread.elf.dir/rt-thread/src/clock.c.obj
 .comment       0x0000006e       0x6f CMakeFiles/rtthread.elf.dir/rt-thread/src/components.c.obj
 .comment       0x0000006e       0x6f CMakeFiles/rtthread.elf.dir/rt-thread/src/device.c.obj
 .comment       0x0000006e       0x6f CMakeFiles/rtthread.elf.dir/rt-thread/src/idle.c.obj
 .comment       0x0000006e       0x6f CMakeFiles/rtthread.elf.dir/rt-thread/src/ipc.c.obj
 .comment       0x0000006e       0x6f CMakeFiles/rtthread.elf.dir/rt-thread/src/irq.c.obj
 .comment       0x0000006e       0x6f CMakeFiles/rtthread.elf.dir/rt-thread/src/kservice.c.obj
 .comment       0x0000006e       0x6f CMakeFiles/rtthread.elf.dir/rt-thread/src/mem.c.obj
 .comment       0x0000006e       0x6f CMakeFiles/rtthread.elf.dir/rt-thread/src/object.c.obj
 .comment       0x0000006e       0x6f CMakeFiles/rtthread.elf.dir/rt-thread/src/scheduler.c.obj
 .comment       0x0000006e       0x6f CMakeFiles/rtthread.elf.dir/rt-thread/src/thread.c.obj
 .comment       0x0000006e       0x6f CMakeFiles/rtthread.elf.dir/rt-thread/src/timer.c.obj
 .comment       0x0000006e       0x6f CMakeFiles/rtthread.elf.dir/applications/main.c.obj
 .comment       0x0000006e       0x6f CMakeFiles/rtthread.elf.dir/drivers/board.c.obj
 .comment       0x0000006e       0x6f CMakeFiles/rtthread.elf.dir/drivers/f435_437/drv_clk.c.obj
 .comment       0x0000006e       0x6f CMakeFiles/rtthread.elf.dir/drivers/f435_437/at32_msp.c.obj
 .comment       0x0000006e       0x6f CMakeFiles/rtthread.elf.dir/libraries/f435_437/drivers/src/at32f435_437_crm.c.obj
 .comment       0x0000006e       0x6f CMakeFiles/rtthread.elf.dir/libraries/f435_437/drivers/src/at32f435_437_gpio.c.obj
 .comment       0x0000006e       0x6f CMakeFiles/rtthread.elf.dir/libraries/f435_437/drivers/src/at32f435_437_misc.c.obj
 .comment       0x0000006e       0x6f CMakeFiles/rtthread.elf.dir/libraries/f435_437/drivers/src/at32f435_437_exint.c.obj
 .comment       0x0000006e       0x6f CMakeFiles/rtthread.elf.dir/libraries/f435_437/drivers/src/at32f435_437_scfg.c.obj
 .comment       0x0000006e       0x6f CMakeFiles/rtthread.elf.dir/libraries/f435_437/drivers/src/at32f435_437_usart.c.obj
 .comment       0x0000006e       0x6f CMakeFiles/rtthread.elf.dir/libraries/f435_437/cmsis/cm4/device_support/system_at32f435_437.c.obj
 .comment       0x0000006e       0x6f CMakeFiles/rtthread.elf.dir/drivers/common/drv_common.c.obj
 .comment       0x0000006e       0x6f CMakeFiles/rtthread.elf.dir/drivers/common/drv_gpio.c.obj
 .comment       0x0000006e       0x6f CMakeFiles/rtthread.elf.dir/drivers/common/drv_usart.c.obj

.ARM.attributes
                0x00000000       0x30
 .ARM.attributes
                0x00000000       0x22 d:/rt-threadstudio/repo/extract/toolchain_support_packages/arm/gnu_tools_for_arm_embedded_processors/5.4.1/bin/../lib/gcc/arm-none-eabi/5.4.1/armv7e-m/fpu/crti.o
 .ARM.attributes
                0x00000022       0x34 d:/rt-threadstudio/repo/extract/toolchain_support_packages/arm/gnu_tools_for_arm_embedded_processors/5.4.1/bin/../lib/gcc/arm-none-eabi/5.4.1/armv7e-m/fpu/crtbegin.o
 .ARM.attributes
                0x00000056       0x33 CMakeFiles/rtthread.elf.dir/rt-thread/components/libc/compilers/common/cstdlib.c.obj
 .ARM.attributes
                0x00000089       0x33 CMakeFiles/rtthread.elf.dir/rt-thread/components/libc/compilers/newlib/syscalls.c.obj
 .ARM.attributes
                0x000000bc       0x21 CMakeFiles/rtthread.elf.dir/rt-thread/libcpu/arm/cortex-m4/context_gcc.S.obj
 .ARM.attributes
                0x000000dd       0x33 CMakeFiles/rtthread.elf.dir/rt-thread/libcpu/arm/cortex-m4/cpuport.c.obj
 .ARM.attributes
                0x00000110       0x33 CMakeFiles/rtthread.elf.dir/rt-thread/components/drivers/ipc/completion.c.obj
 .ARM.attributes
                0x00000143       0x33 CMakeFiles/rtthread.elf.dir/rt-thread/components/drivers/misc/pin.c.obj
 .ARM.attributes
                0x00000176       0x33 CMakeFiles/rtthread.elf.dir/rt-thread/components/drivers/serial/serial.c.obj
 .ARM.attributes
                0x000001a9       0x33 CMakeFiles/rtthread.elf.dir/rt-thread/components/finsh/shell.c.obj
 .ARM.attributes
                0x000001dc       0x33 CMakeFiles/rtthread.elf.dir/rt-thread/components/finsh/msh.c.obj
 .ARM.attributes
                0x0000020f       0x33 CMakeFiles/rtthread.elf.dir/rt-thread/components/finsh/msh_parse.c.obj
 .ARM.attributes
                0x00000242       0x33 CMakeFiles/rtthread.elf.dir/rt-thread/components/finsh/cmd.c.obj
 .ARM.attributes
                0x00000275       0x33 CMakeFiles/rtthread.elf.dir/rt-thread/src/clock.c.obj
 .ARM.attributes
                0x000002a8       0x33 CMakeFiles/rtthread.elf.dir/rt-thread/src/components.c.obj
 .ARM.attributes
                0x000002db       0x33 CMakeFiles/rtthread.elf.dir/rt-thread/src/device.c.obj
 .ARM.attributes
                0x0000030e       0x33 CMakeFiles/rtthread.elf.dir/rt-thread/src/idle.c.obj
 .ARM.attributes
                0x00000341       0x33 CMakeFiles/rtthread.elf.dir/rt-thread/src/ipc.c.obj
 .ARM.attributes
                0x00000374       0x33 CMakeFiles/rtthread.elf.dir/rt-thread/src/irq.c.obj
 .ARM.attributes
                0x000003a7       0x33 CMakeFiles/rtthread.elf.dir/rt-thread/src/kservice.c.obj
 .ARM.attributes
                0x000003da       0x33 CMakeFiles/rtthread.elf.dir/rt-thread/src/mem.c.obj
 .ARM.attributes
                0x0000040d       0x33 CMakeFiles/rtthread.elf.dir/rt-thread/src/object.c.obj
 .ARM.attributes
                0x00000440       0x33 CMakeFiles/rtthread.elf.dir/rt-thread/src/scheduler.c.obj
 .ARM.attributes
                0x00000473       0x33 CMakeFiles/rtthread.elf.dir/rt-thread/src/thread.c.obj
 .ARM.attributes
                0x000004a6       0x33 CMakeFiles/rtthread.elf.dir/rt-thread/src/timer.c.obj
 .ARM.attributes
                0x000004d9       0x33 CMakeFiles/rtthread.elf.dir/applications/main.c.obj
 .ARM.attributes
                0x0000050c       0x33 CMakeFiles/rtthread.elf.dir/drivers/board.c.obj
 .ARM.attributes
                0x0000053f       0x33 CMakeFiles/rtthread.elf.dir/drivers/f435_437/drv_clk.c.obj
 .ARM.attributes
                0x00000572       0x33 CMakeFiles/rtthread.elf.dir/drivers/f435_437/at32_msp.c.obj
 .ARM.attributes
                0x000005a5       0x21 CMakeFiles/rtthread.elf.dir/libraries/f435_437/cmsis/cm4/device_support/startup/gcc/startup_at32f435_437.s.obj
 .ARM.attributes
                0x000005c6       0x33 CMakeFiles/rtthread.elf.dir/libraries/f435_437/drivers/src/at32f435_437_crm.c.obj
 .ARM.attributes
                0x000005f9       0x33 CMakeFiles/rtthread.elf.dir/libraries/f435_437/drivers/src/at32f435_437_gpio.c.obj
 .ARM.attributes
                0x0000062c       0x33 CMakeFiles/rtthread.elf.dir/libraries/f435_437/drivers/src/at32f435_437_misc.c.obj
 .ARM.attributes
                0x0000065f       0x33 CMakeFiles/rtthread.elf.dir/libraries/f435_437/drivers/src/at32f435_437_exint.c.obj
 .ARM.attributes
                0x00000692       0x33 CMakeFiles/rtthread.elf.dir/libraries/f435_437/drivers/src/at32f435_437_scfg.c.obj
 .ARM.attributes
                0x000006c5       0x33 CMakeFiles/rtthread.elf.dir/libraries/f435_437/drivers/src/at32f435_437_usart.c.obj
 .ARM.attributes
                0x000006f8       0x33 CMakeFiles/rtthread.elf.dir/libraries/f435_437/cmsis/cm4/device_support/system_at32f435_437.c.obj
 .ARM.attributes
                0x0000072b       0x33 CMakeFiles/rtthread.elf.dir/drivers/common/drv_common.c.obj
 .ARM.attributes
                0x0000075e       0x33 CMakeFiles/rtthread.elf.dir/drivers/common/drv_gpio.c.obj
 .ARM.attributes
                0x00000791       0x33 CMakeFiles/rtthread.elf.dir/drivers/common/drv_usart.c.obj
 .ARM.attributes
                0x000007c4       0x34 d:/rt-threadstudio/repo/extract/toolchain_support_packages/arm/gnu_tools_for_arm_embedded_processors/5.4.1/bin/../lib/gcc/arm-none-eabi/5.4.1/../../../../arm-none-eabi/lib/armv7e-m/fpu\libc.a(lib_a-atoi.o)
 .ARM.attributes
                0x000007f8       0x34 d:/rt-threadstudio/repo/extract/toolchain_support_packages/arm/gnu_tools_for_arm_embedded_processors/5.4.1/bin/../lib/gcc/arm-none-eabi/5.4.1/../../../../arm-none-eabi/lib/armv7e-m/fpu\libc.a(lib_a-impure.o)
 .ARM.attributes
                0x0000082c       0x34 d:/rt-threadstudio/repo/extract/toolchain_support_packages/arm/gnu_tools_for_arm_embedded_processors/5.4.1/bin/../lib/gcc/arm-none-eabi/5.4.1/../../../../arm-none-eabi/lib/armv7e-m/fpu\libc.a(lib_a-locale.o)
 .ARM.attributes
                0x00000860       0x34 d:/rt-threadstudio/repo/extract/toolchain_support_packages/arm/gnu_tools_for_arm_embedded_processors/5.4.1/bin/../lib/gcc/arm-none-eabi/5.4.1/../../../../arm-none-eabi/lib/armv7e-m/fpu\libc.a(lib_a-malloc.o)
 .ARM.attributes
                0x00000894       0x34 d:/rt-threadstudio/repo/extract/toolchain_support_packages/arm/gnu_tools_for_arm_embedded_processors/5.4.1/bin/../lib/gcc/arm-none-eabi/5.4.1/../../../../arm-none-eabi/lib/armv7e-m/fpu\libc.a(lib_a-mbtowc_r.o)
 .ARM.attributes
                0x000008c8       0x34 d:/rt-threadstudio/repo/extract/toolchain_support_packages/arm/gnu_tools_for_arm_embedded_processors/5.4.1/bin/../lib/gcc/arm-none-eabi/5.4.1/../../../../arm-none-eabi/lib/armv7e-m/fpu\libc.a(lib_a-memcmp.o)
 .ARM.attributes
                0x000008fc       0x20 d:/rt-threadstudio/repo/extract/toolchain_support_packages/arm/gnu_tools_for_arm_embedded_processors/5.4.1/bin/../lib/gcc/arm-none-eabi/5.4.1/../../../../arm-none-eabi/lib/armv7e-m/fpu\libc.a(lib_a-strcmp.o)
 .ARM.attributes
                0x0000091c       0x34 d:/rt-threadstudio/repo/extract/toolchain_support_packages/arm/gnu_tools_for_arm_embedded_processors/5.4.1/bin/../lib/gcc/arm-none-eabi/5.4.1/../../../../arm-none-eabi/lib/armv7e-m/fpu\libc.a(lib_a-strcpy.o)
 .ARM.attributes
                0x00000950       0x20 d:/rt-threadstudio/repo/extract/toolchain_support_packages/arm/gnu_tools_for_arm_embedded_processors/5.4.1/bin/../lib/gcc/arm-none-eabi/5.4.1/../../../../arm-none-eabi/lib/armv7e-m/fpu\libc.a(lib_a-strlen.o)
 .ARM.attributes
                0x00000970       0x34 d:/rt-threadstudio/repo/extract/toolchain_support_packages/arm/gnu_tools_for_arm_embedded_processors/5.4.1/bin/../lib/gcc/arm-none-eabi/5.4.1/../../../../arm-none-eabi/lib/armv7e-m/fpu\libc.a(lib_a-strncat.o)
 .ARM.attributes
                0x000009a4       0x34 d:/rt-threadstudio/repo/extract/toolchain_support_packages/arm/gnu_tools_for_arm_embedded_processors/5.4.1/bin/../lib/gcc/arm-none-eabi/5.4.1/../../../../arm-none-eabi/lib/armv7e-m/fpu\libc.a(lib_a-strncmp.o)
 .ARM.attributes
                0x000009d8       0x34 d:/rt-threadstudio/repo/extract/toolchain_support_packages/arm/gnu_tools_for_arm_embedded_processors/5.4.1/bin/../lib/gcc/arm-none-eabi/5.4.1/../../../../arm-none-eabi/lib/armv7e-m/fpu\libc.a(lib_a-strncpy.o)
 .ARM.attributes
                0x00000a0c       0x34 d:/rt-threadstudio/repo/extract/toolchain_support_packages/arm/gnu_tools_for_arm_embedded_processors/5.4.1/bin/../lib/gcc/arm-none-eabi/5.4.1/../../../../arm-none-eabi/lib/armv7e-m/fpu\libc.a(lib_a-strtol.o)
 .ARM.attributes
                0x00000a40       0x34 d:/rt-threadstudio/repo/extract/toolchain_support_packages/arm/gnu_tools_for_arm_embedded_processors/5.4.1/bin/../lib/gcc/arm-none-eabi/5.4.1/../../../../arm-none-eabi/lib/armv7e-m/fpu\libc.a(lib_a-wctomb_r.o)
 .ARM.attributes
                0x00000a74       0x34 d:/rt-threadstudio/repo/extract/toolchain_support_packages/arm/gnu_tools_for_arm_embedded_processors/5.4.1/bin/../lib/gcc/arm-none-eabi/5.4.1/../../../../arm-none-eabi/lib/armv7e-m/fpu\libc.a(lib_a-__call_atexit.o)
 .ARM.attributes
                0x00000aa8       0x34 d:/rt-threadstudio/repo/extract/toolchain_support_packages/arm/gnu_tools_for_arm_embedded_processors/5.4.1/bin/../lib/gcc/arm-none-eabi/5.4.1/../../../../arm-none-eabi/lib/armv7e-m/fpu\libc.a(lib_a-atexit.o)
 .ARM.attributes
                0x00000adc       0x34 d:/rt-threadstudio/repo/extract/toolchain_support_packages/arm/gnu_tools_for_arm_embedded_processors/5.4.1/bin/../lib/gcc/arm-none-eabi/5.4.1/../../../../arm-none-eabi/lib/armv7e-m/fpu\libc.a(lib_a-ctype_.o)
 .ARM.attributes
                0x00000b10       0x34 d:/rt-threadstudio/repo/extract/toolchain_support_packages/arm/gnu_tools_for_arm_embedded_processors/5.4.1/bin/../lib/gcc/arm-none-eabi/5.4.1/../../../../arm-none-eabi/lib/armv7e-m/fpu\libc.a(lib_a-fini.o)
 .ARM.attributes
                0x00000b44       0x34 d:/rt-threadstudio/repo/extract/toolchain_support_packages/arm/gnu_tools_for_arm_embedded_processors/5.4.1/bin/../lib/gcc/arm-none-eabi/5.4.1/../../../../arm-none-eabi/lib/armv7e-m/fpu\libc.a(lib_a-__atexit.o)
 .ARM.attributes
                0x00000b78       0x22 d:/rt-threadstudio/repo/extract/toolchain_support_packages/arm/gnu_tools_for_arm_embedded_processors/5.4.1/bin/../lib/gcc/arm-none-eabi/5.4.1/armv7e-m/fpu\libgcc.a(_aeabi_uldivmod.o)
 .ARM.attributes
                0x00000b9a       0x34 d:/rt-threadstudio/repo/extract/toolchain_support_packages/arm/gnu_tools_for_arm_embedded_processors/5.4.1/bin/../lib/gcc/arm-none-eabi/5.4.1/armv7e-m/fpu\libgcc.a(_udivmoddi4.o)
 .ARM.attributes
                0x00000bce       0x22 d:/rt-threadstudio/repo/extract/toolchain_support_packages/arm/gnu_tools_for_arm_embedded_processors/5.4.1/bin/../lib/gcc/arm-none-eabi/5.4.1/armv7e-m/fpu\libgcc.a(_dvmd_tls.o)

.debug
 *(.debug)

.line
 *(.line)

.debug_srcinfo
 *(.debug_srcinfo)

.debug_sfnames
 *(.debug_sfnames)

.debug_aranges  0x00000000      0x4c8
 *(.debug_aranges)
 .debug_aranges
                0x00000000       0x20 CMakeFiles/rtthread.elf.dir/rt-thread/components/libc/compilers/common/cstdlib.c.obj
 .debug_aranges
                0x00000020       0x20 CMakeFiles/rtthread.elf.dir/rt-thread/components/libc/compilers/newlib/syscalls.c.obj
 .debug_aranges
                0x00000040       0x20 CMakeFiles/rtthread.elf.dir/rt-thread/libcpu/arm/cortex-m4/context_gcc.S.obj
 .debug_aranges
                0x00000060       0x20 CMakeFiles/rtthread.elf.dir/rt-thread/libcpu/arm/cortex-m4/cpuport.c.obj
 .debug_aranges
                0x00000080       0x20 CMakeFiles/rtthread.elf.dir/rt-thread/components/drivers/ipc/completion.c.obj
 .debug_aranges
                0x000000a0       0x20 CMakeFiles/rtthread.elf.dir/rt-thread/components/drivers/misc/pin.c.obj
 .debug_aranges
                0x000000c0       0x20 CMakeFiles/rtthread.elf.dir/rt-thread/components/drivers/serial/serial.c.obj
 .debug_aranges
                0x000000e0       0x20 CMakeFiles/rtthread.elf.dir/rt-thread/components/finsh/shell.c.obj
 .debug_aranges
                0x00000100       0x20 CMakeFiles/rtthread.elf.dir/rt-thread/components/finsh/msh.c.obj
 .debug_aranges
                0x00000120       0x20 CMakeFiles/rtthread.elf.dir/rt-thread/components/finsh/msh_parse.c.obj
 .debug_aranges
                0x00000140       0x20 CMakeFiles/rtthread.elf.dir/rt-thread/components/finsh/cmd.c.obj
 .debug_aranges
                0x00000160       0x20 CMakeFiles/rtthread.elf.dir/rt-thread/src/clock.c.obj
 .debug_aranges
                0x00000180       0x20 CMakeFiles/rtthread.elf.dir/rt-thread/src/components.c.obj
 .debug_aranges
                0x000001a0       0x20 CMakeFiles/rtthread.elf.dir/rt-thread/src/device.c.obj
 .debug_aranges
                0x000001c0       0x20 CMakeFiles/rtthread.elf.dir/rt-thread/src/idle.c.obj
 .debug_aranges
                0x000001e0       0x20 CMakeFiles/rtthread.elf.dir/rt-thread/src/ipc.c.obj
 .debug_aranges
                0x00000200       0x20 CMakeFiles/rtthread.elf.dir/rt-thread/src/irq.c.obj
 .debug_aranges
                0x00000220       0x20 CMakeFiles/rtthread.elf.dir/rt-thread/src/kservice.c.obj
 .debug_aranges
                0x00000240       0x20 CMakeFiles/rtthread.elf.dir/rt-thread/src/mem.c.obj
 .debug_aranges
                0x00000260       0x20 CMakeFiles/rtthread.elf.dir/rt-thread/src/object.c.obj
 .debug_aranges
                0x00000280       0x20 CMakeFiles/rtthread.elf.dir/rt-thread/src/scheduler.c.obj
 .debug_aranges
                0x000002a0       0x20 CMakeFiles/rtthread.elf.dir/rt-thread/src/thread.c.obj
 .debug_aranges
                0x000002c0       0x20 CMakeFiles/rtthread.elf.dir/rt-thread/src/timer.c.obj
 .debug_aranges
                0x000002e0       0x20 CMakeFiles/rtthread.elf.dir/applications/main.c.obj
 .debug_aranges
                0x00000300       0x20 CMakeFiles/rtthread.elf.dir/drivers/board.c.obj
 .debug_aranges
                0x00000320       0x20 CMakeFiles/rtthread.elf.dir/drivers/f435_437/drv_clk.c.obj
 .debug_aranges
                0x00000340       0x20 CMakeFiles/rtthread.elf.dir/drivers/f435_437/at32_msp.c.obj
 .debug_aranges
                0x00000360       0x28 CMakeFiles/rtthread.elf.dir/libraries/f435_437/cmsis/cm4/device_support/startup/gcc/startup_at32f435_437.s.obj
 .debug_aranges
                0x00000388       0x20 CMakeFiles/rtthread.elf.dir/libraries/f435_437/drivers/src/at32f435_437_crm.c.obj
 .debug_aranges
                0x000003a8       0x20 CMakeFiles/rtthread.elf.dir/libraries/f435_437/drivers/src/at32f435_437_gpio.c.obj
 .debug_aranges
                0x000003c8       0x20 CMakeFiles/rtthread.elf.dir/libraries/f435_437/drivers/src/at32f435_437_misc.c.obj
 .debug_aranges
                0x000003e8       0x20 CMakeFiles/rtthread.elf.dir/libraries/f435_437/drivers/src/at32f435_437_exint.c.obj
 .debug_aranges
                0x00000408       0x20 CMakeFiles/rtthread.elf.dir/libraries/f435_437/drivers/src/at32f435_437_scfg.c.obj
 .debug_aranges
                0x00000428       0x20 CMakeFiles/rtthread.elf.dir/libraries/f435_437/drivers/src/at32f435_437_usart.c.obj
 .debug_aranges
                0x00000448       0x20 CMakeFiles/rtthread.elf.dir/libraries/f435_437/cmsis/cm4/device_support/system_at32f435_437.c.obj
 .debug_aranges
                0x00000468       0x20 CMakeFiles/rtthread.elf.dir/drivers/common/drv_common.c.obj
 .debug_aranges
                0x00000488       0x20 CMakeFiles/rtthread.elf.dir/drivers/common/drv_gpio.c.obj
 .debug_aranges
                0x000004a8       0x20 CMakeFiles/rtthread.elf.dir/drivers/common/drv_usart.c.obj

.debug_pubnames
 *(.debug_pubnames)

.debug_info     0x00000000    0x2d7c6
 *(.debug_info .gnu.linkonce.wi.*)
 .debug_info    0x00000000      0x6a0 CMakeFiles/rtthread.elf.dir/rt-thread/components/libc/compilers/common/cstdlib.c.obj
 .debug_info    0x000006a0     0x1966 CMakeFiles/rtthread.elf.dir/rt-thread/components/libc/compilers/newlib/syscalls.c.obj
 .debug_info    0x00002006       0xa1 CMakeFiles/rtthread.elf.dir/rt-thread/libcpu/arm/cortex-m4/context_gcc.S.obj
 .debug_info    0x000020a7      0x8f8 CMakeFiles/rtthread.elf.dir/rt-thread/libcpu/arm/cortex-m4/cpuport.c.obj
 .debug_info    0x0000299f      0x8f8 CMakeFiles/rtthread.elf.dir/rt-thread/components/drivers/ipc/completion.c.obj
 .debug_info    0x00003297     0x14cd CMakeFiles/rtthread.elf.dir/rt-thread/components/drivers/misc/pin.c.obj
 .debug_info    0x00004764     0x14e0 CMakeFiles/rtthread.elf.dir/rt-thread/components/drivers/serial/serial.c.obj
 .debug_info    0x00005c44     0x1592 CMakeFiles/rtthread.elf.dir/rt-thread/components/finsh/shell.c.obj
 .debug_info    0x000071d6      0x8dd CMakeFiles/rtthread.elf.dir/rt-thread/components/finsh/msh.c.obj
 .debug_info    0x00007ab3      0x1a8 CMakeFiles/rtthread.elf.dir/rt-thread/components/finsh/msh_parse.c.obj
 .debug_info    0x00007c5b     0x2909 CMakeFiles/rtthread.elf.dir/rt-thread/components/finsh/cmd.c.obj
 .debug_info    0x0000a564      0x522 CMakeFiles/rtthread.elf.dir/rt-thread/src/clock.c.obj
 .debug_info    0x0000aa86      0x64c CMakeFiles/rtthread.elf.dir/rt-thread/src/components.c.obj
 .debug_info    0x0000b0d2      0xf90 CMakeFiles/rtthread.elf.dir/rt-thread/src/device.c.obj
 .debug_info    0x0000c062      0x804 CMakeFiles/rtthread.elf.dir/rt-thread/src/idle.c.obj